0 verbose cli /usr/bin/node /usr/bin/npm
1 info using npm@10.9.1
2 info using node@v22.23.2
3 silly config load:file:/usr/lib/node_modules/npm/npmrc
4 silly config load:file:/public/.npmrc
5 silly config load:file:/etc/npmrc
6 verbose title npm install @capacitor/android
7 verbose argv "install" "@capacitor/android"
8 verbose logfile logs-max:10 dir:/public/.npm/_logs/2026-09-24T15_52_39_712Z-
9 verbose logfile /public/.npm/_logs/2026-09-24T15_52_39_712Z-debug-0.log
10 silly logfile done cleaning log files
11 silly packumentCache heap:2197815296 maxSize:549453824 maxEntrySize:274726912
12 silly idealTree buildDeps
13 silly fetch manifest @capacitor/android@*
14 silly packumentCache full:https://registry.npmjs.org/@capacitor%2fandroid cache-miss
15 http fetch GET 200 https://registry.npmjs.org/@capacitor%2fandroid 2339ms (cache miss)
16 silly packumentCache full:https://registry.npmjs.org/@capacitor%2fandroid set size:undefined disposed:false
17 silly fetch manifest @capacitor/core@^8.5.2
18 silly packumentCache full:https://registry.npmjs.org/@capacitor%2fcore cache-miss
19 http cache https://registry.npmjs.org/@capacitor%2fcore 127ms (cache hit)
20 silly packumentCache full:https://registry.npmjs.org/@capacitor%2fcore set size:4860066 disposed:false
21 silly placeDep ROOT @capacitor/android@8.5.2 OK for:  want: *
22 silly reify moves {}
23 silly audit bulk request {
23 silly audit   '@capacitor/cli': [ '8.5.2' ],
23 silly audit   '@capacitor/core': [ '8.5.2' ],
23 silly audit   '@ionic/cli-framework-output': [ '2.2.8' ],
23 silly audit   '@ionic/utils-array': [ '2.1.6' ],
23 silly audit   '@ionic/utils-fs': [ '3.1.7' ],
23 silly audit   'fs-extra': [ '9.1.0', '11.4.1' ],
23 silly audit   '@ionic/utils-object': [ '2.1.6' ],
23 silly audit   '@ionic/utils-process': [ '2.1.12' ],
23 silly audit   '@ionic/utils-stream': [ '3.1.7' ],
23 silly audit   '@ionic/utils-subprocess': [ '3.0.1' ],
23 silly audit   '@ionic/utils-terminal': [ '2.3.5' ],
23 silly audit   '@isaacs/fs-minipass': [ '4.0.1' ],
23 silly audit   '@types/fs-extra': [ '8.1.5' ],
23 silly audit   '@types/node': [ '26.6.2' ],
23 silly audit   '@types/slice-ansi': [ '4.0.0' ],
23 silly audit   '@xmldom/xmldom': [ '0.9.12' ],
23 silly audit   'ansi-regex': [ '5.0.1' ],
23 silly audit   'ansi-styles': [ '4.3.0' ],
23 silly audit   'astral-regex': [ '2.0.0' ],
23 silly audit   'at-least-node': [ '1.0.0' ],
23 silly audit   'balanced-match': [ '4.0.4' ],
23 silly audit   'base64-js': [ '1.5.1' ],
23 silly audit   'big-integer': [ '1.6.52' ],
23 silly audit   'bplist-creator': [ '0.1.0' ],
23 silly audit   'bplist-parser': [ '0.3.2', '0.3.1' ],
23 silly audit   'brace-expansion': [ '5.0.12' ],
23 silly audit   'buffer-crc32': [ '0.2.13' ],
23 silly audit   chownr: [ '3.0.0' ],
23 silly audit   'color-convert': [ '2.0.1' ],
23 silly audit   'color-name': [ '1.1.4' ],
23 silly audit   commander: [ '12.1.0' ],
23 silly audit   'cross-spawn': [ '7.0.6' ],
23 silly audit   debug: [ '4.4.3' ],
23 silly audit   'define-lazy-prop': [ '2.0.0' ],
23 silly audit   elementtree: [ '0.1.7' ],
23 silly audit   'emoji-regex': [ '8.0.0' ],
23 silly audit   'env-paths': [ '2.2.1' ],
23 silly audit   'fd-slicer': [ '1.1.0' ],
23 silly audit   glob: [ '13.0.6' ],
23 silly audit   'graceful-fs': [ '4.2.11' ],
23 silly audit   inherits: [ '2.0.4' ],
23 silly audit   ini: [ '4.1.3' ],
23 silly audit   'is-docker': [ '2.2.1' ],
23 silly audit   'is-fullwidth-code-point': [ '3.0.0' ],
23 silly audit   'is-wsl': [ '2.2.0' ],
23 silly audit   isexe: [ '2.0.0' ],
23 silly audit   jsonfile: [ '6.2.1' ],
23 silly audit   kleur: [ '4.1.5', '3.0.3' ],
23 silly audit   'lru-cache': [ '11.5.3' ],
23 silly audit   minimatch: [ '10.2.6' ],
23 silly audit   minipass: [ '7.1.3' ],
23 silly audit   minizlib: [ '3.1.0' ],
23 silly audit   ms: [ '2.1.3' ],
23 silly audit   'native-run': [ '2.0.3' ],
23 silly audit   open: [ '8.4.2' ],
23 silly audit   'package-json-from-dist': [ '1.0.1' ],
23 silly audit   'path-key': [ '3.1.1' ],
23 silly audit   'path-scurry': [ '2.0.2' ],
23 silly audit   pend: [ '1.2.0' ],
23 silly audit   plist: [ '3.1.1' ],
23 silly audit   prompts: [ '2.4.2' ],
23 silly audit   'readable-stream': [ '3.6.2' ],
23 silly audit   rimraf: [ '6.1.3' ],
23 silly audit   'safe-buffer': [ '5.2.1' ],
23 silly audit   sax: [ '1.1.4' ],
23 silly audit   semver: [ '7.8.5' ],
23 silly audit   'shebang-command': [ '2.0.0' ],
23 silly audit   'shebang-regex': [ '3.0.0' ],
23 silly audit   'signal-exit': [ '3.0.7' ],
23 silly audit   'simple-plist': [ '1.3.1' ],
23 silly audit   sisteransi: [ '1.0.5' ],
23 silly audit   'slice-ansi': [ '4.0.0' ],
23 silly audit   split2: [ '4.2.0' ],
23 silly audit   'stream-buffers': [ '2.2.0' ],
23 silly audit   string_decoder: [ '1.3.0' ],
23 silly audit   'string-width': [ '4.2.3' ],
23 silly audit   'strip-ansi': [ '6.0.1' ],
23 silly audit   tar: [ '7.5.22' ],
23 silly audit   through2: [ '4.0.2' ],
23 silly audit   'tree-kill': [ '1.2.2' ],
23 silly audit   tslib: [ '2.8.1' ],
23 silly audit   'undici-types': [ '8.9.0' ],
23 silly audit   universalify: [ '2.0.1' ],
23 silly audit   untildify: [ '4.0.0' ],
23 silly audit   'util-deprecate': [ '1.0.2' ],
23 silly audit   uuid: [ '7.0.3' ],
23 silly audit   which: [ '2.0.2' ],
23 silly audit   'wrap-ansi': [ '7.0.0' ],
23 silly audit   xcode: [ '3.0.1' ],
23 silly audit   xml2js: [ '0.6.2' ],
23 silly audit   xmlbuilder: [ '11.0.1', '15.1.1' ],
23 silly audit   yallist: [ '5.0.0' ],
23 silly audit   yauzl: [ '2.10.0' ],
23 silly audit   '@capacitor/android': [ '8.5.2' ]
23 silly audit }
24 http cache @capacitor/android@https://registry.npmjs.org/@capacitor/android/-/android-8.5.2.tgz 0ms (cache hit)
25 silly tarball no local data for @capacitor/android@https://registry.npmjs.org/@capacitor/android/-/android-8.5.2.tgz. Extracting by manifest.
26 http fetch POST 200 https://registry.npmjs.org/-/npm/v1/security/advisories/bulk 484ms
27 silly audit report {
27 silly audit report   uuid: [
27 silly audit report     {
27 silly audit report       id: 1119441,
27 silly audit report       url: 'https://github.com/advisories/GHSA-w5hq-g745-h8pq',
27 silly audit report       title: 'uuid: Missing buffer bounds check in v3/v5/v6 when buf is provided',
27 silly audit report       severity: 'moderate',
27 silly audit report       vulnerable_versions: '<11.1.1',
27 silly audit report       cwe: [Array],
27 silly audit report       cvss: [Object]
27 silly audit report     }
27 silly audit report   ]
27 silly audit report }
28 silly packumentCache corgi:https://registry.npmjs.org/uuid cache-miss
29 http cache https://registry.npmjs.org/uuid 52ms (cache hit)
30 silly packumentCache corgi:https://registry.npmjs.org/uuid set size:84321 disposed:false
31 silly packumentCache corgi:https://registry.npmjs.org/xcode cache-miss
32 http cache https://registry.npmjs.org/xcode 66ms (cache hit)
33 silly packumentCache corgi:https://registry.npmjs.org/xcode set size:1850340 disposed:false
34 silly packumentCache corgi:https://registry.npmjs.org/@capacitor%2fcli cache-miss
35 http cache https://registry.npmjs.org/@capacitor%2fcli 182ms (cache hit)
36 silly packumentCache corgi:https://registry.npmjs.org/@capacitor%2fcli set size:2505154 disposed:false
37 http fetch GET 200 https://registry.npmjs.org/@capacitor/android/-/android-8.5.2.tgz 1954ms (cache miss)
38 silly ADD node_modules/@capacitor/android
39 verbose cwd /public
40 verbose os Linux 4.19.191-g08001bbaf9a5-dirty
41 verbose node v22.23.2
42 verbose npm  v10.9.1
43 verbose exit 0
44 info ok
