0 verbose cli /usr/bin/node /usr/bin/npm
1 info using npm@10.9.1
2 info using node@v22.23.2
3 silly config load:file:/usr/lib/node_modules/npm/npmrc
4 silly config load:file:/public/.npmrc
5 silly config load:file:/etc/npmrc
6 verbose title npm install @capacitor/cli
7 verbose argv "install" "--save-dev" "@capacitor/cli"
8 verbose logfile logs-max:10 dir:/public/.npm/_logs/2026-09-24T15_51_52_693Z-
9 verbose logfile /public/.npm/_logs/2026-09-24T15_51_52_693Z-debug-0.log
10 silly logfile done cleaning log files
11 silly packumentCache heap:2197815296 maxSize:549453824 maxEntrySize:274726912
12 silly idealTree buildDeps
13 silly fetch manifest @capacitor/cli@*
14 silly packumentCache full:https://registry.npmjs.org/@capacitor%2fcli cache-miss
15 http fetch GET 200 https://registry.npmjs.org/@capacitor%2fcli 2266ms (cache miss)
16 silly packumentCache full:https://registry.npmjs.org/@capacitor%2fcli set size:undefined disposed:false
17 silly placeDep ROOT @capacitor/cli@8.5.2 OK for:  want: *
18 silly fetch manifest tar@^7.5.3
19 silly packumentCache full:https://registry.npmjs.org/tar cache-miss
20 silly fetch manifest open@^8.4.0
21 silly packumentCache full:https://registry.npmjs.org/open cache-miss
22 silly fetch manifest debug@^4.4.0
23 silly packumentCache full:https://registry.npmjs.org/debug cache-miss
24 silly fetch manifest kleur@^4.1.5
25 silly packumentCache full:https://registry.npmjs.org/kleur cache-miss
26 silly fetch manifest plist@^3.1.0
27 silly packumentCache full:https://registry.npmjs.org/plist cache-miss
28 silly fetch manifest xcode@^3.0.1
29 silly packumentCache full:https://registry.npmjs.org/xcode cache-miss
30 silly fetch manifest rimraf@^6.0.1
31 silly packumentCache full:https://registry.npmjs.org/rimraf cache-miss
32 http fetch GET 200 https://registry.npmjs.org/tar 285ms (cache miss)
33 silly packumentCache full:https://registry.npmjs.org/tar set size:undefined disposed:false
34 silly fetch manifest semver@^7.6.3
35 silly packumentCache full:https://registry.npmjs.org/semver cache-miss
36 http fetch GET 200 https://registry.npmjs.org/debug 509ms (cache miss)
37 silly packumentCache full:https://registry.npmjs.org/debug set size:undefined disposed:false
38 silly fetch manifest xml2js@^0.6.2
39 silly packumentCache full:https://registry.npmjs.org/xml2js cache-miss
40 http fetch GET 200 https://registry.npmjs.org/semver 633ms (cache updated)
41 silly packumentCache full:https://registry.npmjs.org/semver set size:undefined disposed:false
42 silly fetch manifest prompts@^2.4.2
43 silly packumentCache full:https://registry.npmjs.org/prompts cache-miss
44 http fetch GET 200 https://registry.npmjs.org/xml2js 486ms (cache miss)
45 silly packumentCache full:https://registry.npmjs.org/xml2js set size:undefined disposed:false
46 silly fetch manifest fs-extra@^11.2.0
47 silly packumentCache full:https://registry.npmjs.org/fs-extra cache-miss
48 http fetch GET 200 https://registry.npmjs.org/rimraf 1257ms (cache miss)
49 silly packumentCache full:https://registry.npmjs.org/rimraf set size:undefined disposed:false
50 silly fetch manifest commander@^12.1.0
51 silly packumentCache full:https://registry.npmjs.org/commander cache-miss
52 http fetch GET 200 https://registry.npmjs.org/kleur 1384ms (cache miss)
53 silly packumentCache full:https://registry.npmjs.org/kleur set size:undefined disposed:false
54 silly fetch manifest env-paths@^2.2.0
55 silly packumentCache full:https://registry.npmjs.org/env-paths cache-miss
56 http fetch GET 200 https://registry.npmjs.org/prompts 488ms (cache miss)
57 silly packumentCache full:https://registry.npmjs.org/prompts set size:undefined disposed:false
58 silly fetch manifest native-run@^2.0.3
59 silly packumentCache full:https://registry.npmjs.org/native-run cache-miss
60 http fetch GET 200 https://registry.npmjs.org/plist 1512ms (cache miss)
61 silly packumentCache full:https://registry.npmjs.org/plist set size:undefined disposed:false
62 silly fetch manifest @ionic/utils-terminal@^2.3.5
63 silly packumentCache full:https://registry.npmjs.org/@ionic%2futils-terminal cache-miss
64 http fetch GET 200 https://registry.npmjs.org/fs-extra 541ms (cache miss)
65 silly packumentCache full:https://registry.npmjs.org/fs-extra set size:undefined disposed:false
66 silly fetch manifest @ionic/utils-subprocess@^3.0.1
67 silly packumentCache full:https://registry.npmjs.org/@ionic%2futils-subprocess cache-miss
68 http fetch GET 200 https://registry.npmjs.org/open 1670ms (cache miss)
69 silly packumentCache full:https://registry.npmjs.org/open set size:undefined disposed:false
70 silly fetch manifest @ionic/cli-framework-output@^2.2.8
71 silly packumentCache full:https://registry.npmjs.org/@ionic%2fcli-framework-output cache-miss
72 http fetch GET 200 https://registry.npmjs.org/commander 473ms (cache miss)
73 silly packumentCache full:https://registry.npmjs.org/commander set size:undefined disposed:false
74 http fetch GET 200 https://registry.npmjs.org/env-paths 395ms (cache miss)
75 silly packumentCache full:https://registry.npmjs.org/env-paths set size:undefined disposed:false
76 http fetch GET 200 https://registry.npmjs.org/native-run 399ms (cache miss)
77 silly packumentCache full:https://registry.npmjs.org/native-run set size:undefined disposed:false
78 http fetch GET 200 https://registry.npmjs.org/@ionic%2futils-subprocess 367ms (cache miss)
79 silly packumentCache full:https://registry.npmjs.org/@ionic%2futils-subprocess set size:undefined disposed:false
80 http fetch GET 200 https://registry.npmjs.org/@ionic%2fcli-framework-output 348ms (cache miss)
81 silly packumentCache full:https://registry.npmjs.org/@ionic%2fcli-framework-output set size:undefined disposed:false
82 http fetch GET 200 https://registry.npmjs.org/@ionic%2futils-terminal 748ms (cache miss)
83 silly packumentCache full:https://registry.npmjs.org/@ionic%2futils-terminal set size:undefined disposed:false
84 http fetch GET 200 https://registry.npmjs.org/xcode 2342ms (cache miss)
85 silly packumentCache full:https://registry.npmjs.org/xcode set size:undefined disposed:false
86 silly placeDep ROOT @ionic/cli-framework-output@2.2.8 OK for: @capacitor/cli@8.5.2 want: ^2.2.8
87 silly placeDep ROOT @ionic/utils-subprocess@3.0.1 OK for: @capacitor/cli@8.5.2 want: ^3.0.1
88 silly placeDep ROOT @ionic/utils-terminal@2.3.5 OK for: @capacitor/cli@8.5.2 want: ^2.3.5
89 silly placeDep ROOT commander@12.1.0 OK for: @capacitor/cli@8.5.2 want: ^12.1.0
90 silly placeDep ROOT debug@4.4.3 OK for: @capacitor/cli@8.5.2 want: ^4.4.0
91 silly placeDep ROOT env-paths@2.2.1 OK for: @capacitor/cli@8.5.2 want: ^2.2.0
92 silly placeDep ROOT fs-extra@11.4.1 OK for: @capacitor/cli@8.5.2 want: ^11.2.0
93 silly placeDep ROOT kleur@4.1.5 OK for: @capacitor/cli@8.5.2 want: ^4.1.5
94 silly placeDep ROOT native-run@2.0.3 OK for: @capacitor/cli@8.5.2 want: ^2.0.3
95 silly placeDep ROOT open@8.4.2 OK for: @capacitor/cli@8.5.2 want: ^8.4.0
96 silly placeDep ROOT plist@3.1.1 OK for: @capacitor/cli@8.5.2 want: ^3.1.0
97 silly placeDep ROOT prompts@2.4.2 OK for: @capacitor/cli@8.5.2 want: ^2.4.2
98 silly placeDep ROOT rimraf@6.1.3 OK for: @capacitor/cli@8.5.2 want: ^6.0.1
99 silly placeDep ROOT semver@7.8.5 OK for: @capacitor/cli@8.5.2 want: ^7.6.3
100 silly placeDep ROOT tar@7.5.22 OK for: @capacitor/cli@8.5.2 want: ^7.5.3
101 silly placeDep ROOT xcode@3.0.1 OK for: @capacitor/cli@8.5.2 want: ^3.0.1
102 silly placeDep ROOT xml2js@0.6.2 OK for: @capacitor/cli@8.5.2 want: ^0.6.2
103 silly fetch manifest @ionic/utils-terminal@2.3.5
104 silly packumentCache full:https://registry.npmjs.org/@ionic%2futils-terminal cache-miss
105 silly fetch manifest debug@^4.0.0
106 silly packumentCache full:https://registry.npmjs.org/debug cache-miss
107 silly fetch manifest @ionic/utils-array@2.1.6
108 silly packumentCache full:https://registry.npmjs.org/@ionic%2futils-array cache-miss
109 silly fetch manifest @ionic/utils-fs@3.1.7
110 silly packumentCache full:https://registry.npmjs.org/@ionic%2futils-fs cache-miss
111 silly fetch manifest @ionic/utils-process@2.1.12
112 silly packumentCache full:https://registry.npmjs.org/@ionic%2futils-process cache-miss
113 silly fetch manifest @ionic/utils-stream@3.1.7
114 silly packumentCache full:https://registry.npmjs.org/@ionic%2futils-stream cache-miss
115 silly fetch manifest @ionic/utils-terminal@2.3.5
116 silly packumentCache full:https://registry.npmjs.org/@ionic%2futils-terminal cache-miss
117 http cache https://registry.npmjs.org/@ionic%2futils-terminal 166ms (cache hit)
118 silly packumentCache full:https://registry.npmjs.org/@ionic%2futils-terminal set size:118057 disposed:false
119 silly fetch manifest cross-spawn@^7.0.3
120 silly packumentCache full:https://registry.npmjs.org/cross-spawn cache-miss
121 http cache https://registry.npmjs.org/debug 186ms (cache hit)
122 silly packumentCache full:https://registry.npmjs.org/debug set size:195840 disposed:false
123 silly fetch manifest @types/slice-ansi@^4.0.0
124 silly packumentCache full:https://registry.npmjs.org/@types%2fslice-ansi cache-miss
125 http cache https://registry.npmjs.org/@ionic%2futils-terminal 201ms (cache hit)
126 silly packumentCache full:https://registry.npmjs.org/@ionic%2futils-terminal set size:118057 disposed:false
127 silly packumentCache full:https://registry.npmjs.org/@ionic%2futils-terminal dispose
128 silly fetch manifest signal-exit@^3.0.3
129 silly packumentCache full:https://registry.npmjs.org/signal-exit cache-miss
130 http fetch GET 200 https://registry.npmjs.org/@ionic%2futils-array 394ms (cache miss)
131 silly packumentCache full:https://registry.npmjs.org/@ionic%2futils-array set size:undefined disposed:false
132 silly fetch manifest slice-ansi@^4.0.0
133 silly packumentCache full:https://registry.npmjs.org/slice-ansi cache-miss
134 http fetch GET 200 https://registry.npmjs.org/@ionic%2futils-stream 415ms (cache miss)
135 silly packumentCache full:https://registry.npmjs.org/@ionic%2futils-stream set size:undefined disposed:false
136 silly fetch manifest string-width@^4.1.0
137 silly packumentCache full:https://registry.npmjs.org/string-width cache-miss
138 http fetch GET 200 https://registry.npmjs.org/@types%2fslice-ansi 691ms (cache miss)
139 silly packumentCache full:https://registry.npmjs.org/@types%2fslice-ansi set size:undefined disposed:false
140 silly fetch manifest strip-ansi@^6.0.0
141 silly packumentCache full:https://registry.npmjs.org/strip-ansi cache-miss
142 http fetch GET 200 https://registry.npmjs.org/slice-ansi 506ms (cache miss)
143 silly packumentCache full:https://registry.npmjs.org/slice-ansi set size:undefined disposed:false
144 silly fetch manifest untildify@^4.0.0
145 silly packumentCache full:https://registry.npmjs.org/untildify cache-miss
146 http fetch GET 200 https://registry.npmjs.org/cross-spawn 755ms (cache miss)
147 silly packumentCache full:https://registry.npmjs.org/cross-spawn set size:undefined disposed:false
148 silly fetch manifest wrap-ansi@^7.0.0
149 silly packumentCache full:https://registry.npmjs.org/wrap-ansi cache-miss
150 http fetch GET 200 https://registry.npmjs.org/signal-exit 717ms (cache miss)
151 silly packumentCache full:https://registry.npmjs.org/signal-exit set size:undefined disposed:false
152 silly fetch manifest ms@^2.1.3
153 silly packumentCache full:https://registry.npmjs.org/ms cache-miss
154 http fetch GET 200 https://registry.npmjs.org/string-width 530ms (cache miss)
155 silly packumentCache full:https://registry.npmjs.org/string-width set size:undefined disposed:false
156 silly fetch manifest jsonfile@^6.0.1
157 silly packumentCache full:https://registry.npmjs.org/jsonfile cache-miss
158 http fetch GET 200 https://registry.npmjs.org/@ionic%2futils-process 964ms (cache miss)
159 silly packumentCache full:https://registry.npmjs.org/@ionic%2futils-process set size:undefined disposed:false
160 silly fetch manifest graceful-fs@^4.2.0
161 silly packumentCache full:https://registry.npmjs.org/graceful-fs cache-miss
162 http fetch GET 200 https://registry.npmjs.org/@ionic%2futils-fs 993ms (cache miss)
163 silly packumentCache full:https://registry.npmjs.org/@ionic%2futils-fs set size:undefined disposed:false
164 silly fetch manifest universalify@^2.0.0
165 silly packumentCache full:https://registry.npmjs.org/universalify cache-miss
166 http fetch GET 200 https://registry.npmjs.org/ms 170ms (cache miss)
167 silly packumentCache full:https://registry.npmjs.org/ms set size:undefined disposed:false
168 silly fetch manifest ini@^4.1.1
169 silly packumentCache full:https://registry.npmjs.org/ini cache-miss
170 http fetch GET 200 https://registry.npmjs.org/wrap-ansi 194ms (cache miss)
171 silly packumentCache full:https://registry.npmjs.org/wrap-ansi set size:undefined disposed:false
172 silly fetch manifest yauzl@^2.10.0
173 silly packumentCache full:https://registry.npmjs.org/yauzl cache-miss
174 http fetch GET 200 https://registry.npmjs.org/strip-ansi 307ms (cache miss)
175 silly packumentCache full:https://registry.npmjs.org/strip-ansi set size:undefined disposed:false
176 silly fetch manifest split2@^4.2.0
177 silly packumentCache full:https://registry.npmjs.org/split2 cache-miss
178 http fetch GET 200 https://registry.npmjs.org/untildify 297ms (cache miss)
179 silly packumentCache full:https://registry.npmjs.org/untildify set size:undefined disposed:false
180 silly fetch manifest through2@^4.0.2
181 silly packumentCache full:https://registry.npmjs.org/through2 cache-miss
182 http fetch GET 200 https://registry.npmjs.org/yauzl 176ms (cache miss)
183 silly packumentCache full:https://registry.npmjs.org/yauzl set size:undefined disposed:false
184 silly fetch manifest elementtree@^0.1.7
185 silly packumentCache full:https://registry.npmjs.org/elementtree cache-miss
186 http fetch GET 200 https://registry.npmjs.org/ini 204ms (cache miss)
187 silly packumentCache full:https://registry.npmjs.org/ini set size:undefined disposed:false
188 silly fetch manifest bplist-parser@^0.3.2
189 silly packumentCache full:https://registry.npmjs.org/bplist-parser cache-miss
190 http fetch GET 200 https://registry.npmjs.org/jsonfile 374ms (cache miss)
191 silly packumentCache full:https://registry.npmjs.org/jsonfile set size:undefined disposed:false
192 silly fetch manifest @ionic/utils-fs@^3.1.7
193 silly packumentCache full:https://registry.npmjs.org/@ionic%2futils-fs cache-miss
194 http fetch GET 200 https://registry.npmjs.org/graceful-fs 376ms (cache miss)
195 silly packumentCache full:https://registry.npmjs.org/graceful-fs set size:undefined disposed:false
196 silly fetch manifest is-wsl@^2.2.0
197 silly packumentCache full:https://registry.npmjs.org/is-wsl cache-miss
198 http fetch GET 200 https://registry.npmjs.org/universalify 374ms (cache miss)
199 silly packumentCache full:https://registry.npmjs.org/universalify set size:undefined disposed:false
200 silly fetch manifest is-docker@^2.1.1
201 silly packumentCache full:https://registry.npmjs.org/is-docker cache-miss
202 http cache https://registry.npmjs.org/@ionic%2futils-fs 66ms (cache hit)
203 silly packumentCache full:https://registry.npmjs.org/@ionic%2futils-fs set size:155283 disposed:false
204 silly fetch manifest define-lazy-prop@^2.0.0
205 silly packumentCache full:https://registry.npmjs.org/define-lazy-prop cache-miss
206 http fetch GET 200 https://registry.npmjs.org/split2 377ms (cache miss)
207 silly packumentCache full:https://registry.npmjs.org/split2 set size:undefined disposed:false
208 silly fetch manifest base64-js@^1.5.1
209 silly packumentCache full:https://registry.npmjs.org/base64-js cache-miss
210 http fetch GET 200 https://registry.npmjs.org/through2 373ms (cache miss)
211 silly packumentCache full:https://registry.npmjs.org/through2 set size:undefined disposed:false
212 silly fetch manifest xmlbuilder@^15.1.1
213 silly packumentCache full:https://registry.npmjs.org/xmlbuilder cache-miss
214 http fetch GET 200 https://registry.npmjs.org/elementtree 397ms (cache miss)
215 silly packumentCache full:https://registry.npmjs.org/elementtree set size:undefined disposed:false
216 silly fetch manifest @xmldom/xmldom@^0.9.10
217 silly packumentCache full:https://registry.npmjs.org/@xmldom%2fxmldom cache-miss
218 http fetch GET 200 https://registry.npmjs.org/bplist-parser 397ms (cache miss)
219 silly packumentCache full:https://registry.npmjs.org/bplist-parser set size:undefined disposed:false
220 silly fetch manifest kleur@^3.0.3
221 silly packumentCache full:https://registry.npmjs.org/kleur cache-miss
222 http fetch GET 200 https://registry.npmjs.org/is-docker 365ms (cache miss)
223 silly packumentCache full:https://registry.npmjs.org/is-docker set size:undefined disposed:false
224 silly fetch manifest sisteransi@^1.0.5
225 silly packumentCache full:https://registry.npmjs.org/sisteransi cache-miss
226 http fetch GET 200 https://registry.npmjs.org/define-lazy-prop 330ms (cache miss)
227 silly packumentCache full:https://registry.npmjs.org/define-lazy-prop set size:undefined disposed:false
228 silly fetch manifest glob@^13.0.3
229 silly packumentCache full:https://registry.npmjs.org/glob cache-miss
230 http fetch GET 200 https://registry.npmjs.org/is-wsl 414ms (cache miss)
231 silly packumentCache full:https://registry.npmjs.org/is-wsl set size:undefined disposed:false
232 silly fetch manifest package-json-from-dist@^1.0.1
233 silly packumentCache full:https://registry.npmjs.org/package-json-from-dist cache-miss
234 http cache https://registry.npmjs.org/kleur 62ms (cache hit)
235 silly packumentCache full:https://registry.npmjs.org/kleur set size:61853 disposed:false
236 silly fetch manifest chownr@^3.0.0
237 silly packumentCache full:https://registry.npmjs.org/chownr cache-miss
238 http fetch GET 200 https://registry.npmjs.org/base64-js 348ms (cache miss)
239 silly packumentCache full:https://registry.npmjs.org/base64-js set size:undefined disposed:false
240 silly fetch manifest yallist@^5.0.0
241 silly packumentCache full:https://registry.npmjs.org/yallist cache-miss
242 http fetch GET 200 https://registry.npmjs.org/xmlbuilder 363ms (cache miss)
243 silly packumentCache full:https://registry.npmjs.org/xmlbuilder set size:undefined disposed:false
244 silly fetch manifest minipass@^7.1.2
245 silly packumentCache full:https://registry.npmjs.org/minipass cache-miss
246 http fetch GET 200 https://registry.npmjs.org/@xmldom%2fxmldom 377ms (cache miss)
247 silly packumentCache full:https://registry.npmjs.org/@xmldom%2fxmldom set size:undefined disposed:false
248 silly fetch manifest minizlib@^3.1.0
249 silly packumentCache full:https://registry.npmjs.org/minizlib cache-miss
250 http fetch GET 200 https://registry.npmjs.org/sisteransi 430ms (cache miss)
251 silly packumentCache full:https://registry.npmjs.org/sisteransi set size:undefined disposed:false
252 silly fetch manifest @isaacs/fs-minipass@^4.0.0
253 silly packumentCache full:https://registry.npmjs.org/@isaacs%2ffs-minipass cache-miss
254 http fetch GET 200 https://registry.npmjs.org/package-json-from-dist 420ms (cache miss)
255 silly packumentCache full:https://registry.npmjs.org/package-json-from-dist set size:undefined disposed:false
256 silly fetch manifest uuid@^7.0.3
257 silly packumentCache full:https://registry.npmjs.org/uuid cache-miss
258 http fetch GET 200 https://registry.npmjs.org/chownr 409ms (cache miss)
259 silly packumentCache full:https://registry.npmjs.org/chownr set size:undefined disposed:false
260 silly fetch manifest simple-plist@^1.1.0
261 silly packumentCache full:https://registry.npmjs.org/simple-plist cache-miss
262 http fetch GET 200 https://registry.npmjs.org/glob 482ms (cache miss)
263 silly packumentCache full:https://registry.npmjs.org/glob set size:undefined disposed:false
264 silly fetch manifest sax@>=0.6.0
265 silly packumentCache full:https://registry.npmjs.org/sax cache-miss
266 http fetch GET 200 https://registry.npmjs.org/yallist 342ms (cache miss)
267 silly packumentCache full:https://registry.npmjs.org/yallist set size:undefined disposed:false
268 silly fetch manifest xmlbuilder@~11.0.0
269 silly packumentCache full:https://registry.npmjs.org/xmlbuilder cache-miss
270 http cache https://registry.npmjs.org/xmlbuilder 59ms (cache hit)
271 silly packumentCache full:https://registry.npmjs.org/xmlbuilder set size:158707 disposed:false
272 http fetch GET 200 https://registry.npmjs.org/minipass 429ms (cache miss)
273 silly packumentCache full:https://registry.npmjs.org/minipass set size:undefined disposed:false
274 http fetch GET 200 https://registry.npmjs.org/minizlib 314ms (cache miss)
275 silly packumentCache full:https://registry.npmjs.org/minizlib set size:undefined disposed:false
276 http fetch GET 200 https://registry.npmjs.org/sax 341ms (cache miss)
277 silly packumentCache full:https://registry.npmjs.org/sax set size:undefined disposed:false
278 http fetch GET 200 https://registry.npmjs.org/uuid 409ms (cache miss)
279 silly packumentCache full:https://registry.npmjs.org/uuid set size:undefined disposed:false
280 http fetch GET 200 https://registry.npmjs.org/simple-plist 421ms (cache miss)
281 silly packumentCache full:https://registry.npmjs.org/simple-plist set size:undefined disposed:false
282 http fetch GET 200 https://registry.npmjs.org/@isaacs%2ffs-minipass 778ms (cache miss)
283 silly packumentCache full:https://registry.npmjs.org/@isaacs%2ffs-minipass set size:undefined disposed:false
284 silly placeDep ROOT @ionic/utils-array@2.1.6 OK for: @ionic/utils-subprocess@3.0.1 want: 2.1.6
285 silly placeDep ROOT @ionic/utils-fs@3.1.7 OK for: @ionic/utils-subprocess@3.0.1 want: 3.1.7
286 silly placeDep ROOT @ionic/utils-process@2.1.12 OK for: @ionic/utils-subprocess@3.0.1 want: 2.1.12
287 silly placeDep ROOT @ionic/utils-stream@3.1.7 OK for: @ionic/utils-subprocess@3.0.1 want: 3.1.7
288 silly placeDep ROOT cross-spawn@7.0.6 OK for: @ionic/utils-subprocess@3.0.1 want: ^7.0.3
289 silly fetch manifest @types/fs-extra@^8.0.0
290 silly packumentCache full:https://registry.npmjs.org/@types%2ffs-extra cache-miss
291 silly fetch manifest fs-extra@^9.0.0
292 silly packumentCache full:https://registry.npmjs.org/fs-extra cache-miss
293 silly fetch manifest @ionic/utils-object@2.1.6
294 silly packumentCache full:https://registry.npmjs.org/@ionic%2futils-object cache-miss
295 silly fetch manifest tree-kill@^1.2.2
296 silly packumentCache full:https://registry.npmjs.org/tree-kill cache-miss
297 silly fetch manifest which@^2.0.1
298 silly packumentCache full:https://registry.npmjs.org/which cache-miss
299 silly fetch manifest path-key@^3.1.0
300 silly packumentCache full:https://registry.npmjs.org/path-key cache-miss
301 silly fetch manifest shebang-command@^2.0.0
302 silly packumentCache full:https://registry.npmjs.org/shebang-command cache-miss
303 http cache https://registry.npmjs.org/fs-extra 68ms (cache hit)
304 silly packumentCache full:https://registry.npmjs.org/fs-extra set size:242028 disposed:false
305 http fetch GET 200 https://registry.npmjs.org/path-key 414ms (cache miss)
306 silly packumentCache full:https://registry.npmjs.org/path-key set size:undefined disposed:false
307 http fetch GET 200 https://registry.npmjs.org/tree-kill 422ms (cache miss)
308 silly packumentCache full:https://registry.npmjs.org/tree-kill set size:undefined disposed:false
309 http fetch GET 200 https://registry.npmjs.org/which 429ms (cache miss)
310 silly packumentCache full:https://registry.npmjs.org/which set size:undefined disposed:false
311 http fetch GET 200 https://registry.npmjs.org/@ionic%2futils-object 450ms (cache miss)
312 silly packumentCache full:https://registry.npmjs.org/@ionic%2futils-object set size:undefined disposed:false
313 http fetch GET 200 https://registry.npmjs.org/@types%2ffs-extra 467ms (cache miss)
314 silly packumentCache full:https://registry.npmjs.org/@types%2ffs-extra set size:undefined disposed:false
315 http fetch GET 200 https://registry.npmjs.org/shebang-command 461ms (cache miss)
316 silly packumentCache full:https://registry.npmjs.org/shebang-command set size:undefined disposed:false
317 silly placeDep ROOT @types/fs-extra@8.1.5 OK for: @ionic/utils-fs@3.1.7 want: ^8.0.0
318 silly placeDep node_modules/@ionic/utils-fs fs-extra@9.1.0 OK for: @ionic/utils-fs@3.1.7 want: ^9.0.0
319 silly fetch manifest @types/node@*
320 silly packumentCache full:https://registry.npmjs.org/@types%2fnode cache-miss
321 silly fetch manifest at-least-node@^1.0.0
322 silly packumentCache full:https://registry.npmjs.org/at-least-node cache-miss
323 http fetch GET 200 https://registry.npmjs.org/at-least-node 752ms (cache miss)
324 silly packumentCache full:https://registry.npmjs.org/at-least-node set size:undefined disposed:false
325 http fetch GET 200 https://registry.npmjs.org/@types%2fnode 1357ms (cache miss)
326 silly packumentCache full:https://registry.npmjs.org/@types%2fnode set size:undefined disposed:false
327 silly placeDep ROOT @ionic/utils-object@2.1.6 OK for: @ionic/utils-process@2.1.12 want: 2.1.6
328 silly placeDep ROOT signal-exit@3.0.7 OK for: @ionic/utils-process@2.1.12 want: ^3.0.3
329 silly placeDep ROOT tree-kill@1.2.2 OK for: @ionic/utils-process@2.1.12 want: ^1.2.2
330 silly placeDep ROOT @types/slice-ansi@4.0.0 OK for: @ionic/utils-terminal@2.3.5 want: ^4.0.0
331 silly placeDep ROOT slice-ansi@4.0.0 OK for: @ionic/utils-terminal@2.3.5 want: ^4.0.0
332 silly placeDep ROOT string-width@4.2.3 OK for: @ionic/utils-terminal@2.3.5 want: ^4.1.0
333 silly placeDep ROOT strip-ansi@6.0.1 OK for: @ionic/utils-terminal@2.3.5 want: ^6.0.0
334 silly placeDep ROOT untildify@4.0.0 OK for: @ionic/utils-terminal@2.3.5 want: ^4.0.0
335 silly placeDep ROOT wrap-ansi@7.0.0 OK for: @ionic/utils-terminal@2.3.5 want: ^7.0.0
336 silly fetch manifest ansi-styles@^4.0.0
337 silly packumentCache full:https://registry.npmjs.org/ansi-styles cache-miss
338 silly fetch manifest astral-regex@^2.0.0
339 silly packumentCache full:https://registry.npmjs.org/astral-regex cache-miss
340 silly fetch manifest is-fullwidth-code-point@^3.0.0
341 silly packumentCache full:https://registry.npmjs.org/is-fullwidth-code-point cache-miss
342 silly fetch manifest strip-ansi@^6.0.1
343 silly packumentCache full:https://registry.npmjs.org/strip-ansi cache-miss
344 silly fetch manifest emoji-regex@^8.0.0
345 silly packumentCache full:https://registry.npmjs.org/emoji-regex cache-miss
346 silly fetch manifest is-fullwidth-code-point@^3.0.0
347 silly packumentCache full:https://registry.npmjs.org/is-fullwidth-code-point cache-miss
348 silly fetch manifest ansi-regex@^5.0.1
349 silly packumentCache full:https://registry.npmjs.org/ansi-regex cache-miss
350 http cache https://registry.npmjs.org/strip-ansi 129ms (cache hit)
351 silly packumentCache full:https://registry.npmjs.org/strip-ansi set size:44998 disposed:false
352 silly fetch manifest ansi-styles@^4.0.0
353 silly packumentCache full:https://registry.npmjs.org/ansi-styles cache-miss
354 http fetch GET 200 https://registry.npmjs.org/ansi-styles 123ms (cache miss)
355 silly packumentCache full:https://registry.npmjs.org/ansi-styles set size:undefined disposed:false
356 http fetch GET 200 https://registry.npmjs.org/astral-regex 330ms (cache miss)
357 silly packumentCache full:https://registry.npmjs.org/astral-regex set size:undefined disposed:false
358 http fetch GET 200 https://registry.npmjs.org/ansi-styles 335ms (cache miss)
359 silly packumentCache full:https://registry.npmjs.org/ansi-styles set size:undefined disposed:false
360 http fetch GET 200 https://registry.npmjs.org/is-fullwidth-code-point 358ms (cache miss)
361 silly packumentCache full:https://registry.npmjs.org/is-fullwidth-code-point set size:undefined disposed:false
362 http fetch GET 200 https://registry.npmjs.org/is-fullwidth-code-point 369ms (cache miss)
363 silly packumentCache full:https://registry.npmjs.org/is-fullwidth-code-point set size:undefined disposed:false
364 http fetch GET 200 https://registry.npmjs.org/emoji-regex 372ms (cache miss)
365 silly packumentCache full:https://registry.npmjs.org/emoji-regex set size:undefined disposed:false
366 http fetch GET 200 https://registry.npmjs.org/ansi-regex 410ms (cache miss)
367 silly packumentCache full:https://registry.npmjs.org/ansi-regex set size:undefined disposed:false
368 silly placeDep ROOT @types/node@26.6.2 OK for: @types/fs-extra@8.1.5 want: *
369 silly fetch manifest undici-types@~8.9.0
370 silly packumentCache full:https://registry.npmjs.org/undici-types cache-miss
371 http fetch GET 200 https://registry.npmjs.org/undici-types 466ms (cache miss)
372 silly packumentCache full:https://registry.npmjs.org/undici-types set size:undefined disposed:false
373 silly placeDep ROOT undici-types@8.9.0 OK for: @types/node@26.6.2 want: ~8.9.0
374 silly placeDep ROOT path-key@3.1.1 OK for: cross-spawn@7.0.6 want: ^3.1.0
375 silly placeDep ROOT shebang-command@2.0.0 OK for: cross-spawn@7.0.6 want: ^2.0.0
376 silly placeDep ROOT which@2.0.2 OK for: cross-spawn@7.0.6 want: ^2.0.1
377 silly fetch manifest shebang-regex@^3.0.0
378 silly packumentCache full:https://registry.npmjs.org/shebang-regex cache-miss
379 silly fetch manifest isexe@^2.0.0
380 silly packumentCache full:https://registry.npmjs.org/isexe cache-miss
381 http fetch GET 200 https://registry.npmjs.org/shebang-regex 323ms (cache miss)
382 silly packumentCache full:https://registry.npmjs.org/shebang-regex set size:undefined disposed:false
383 http fetch GET 200 https://registry.npmjs.org/isexe 328ms (cache miss)
384 silly packumentCache full:https://registry.npmjs.org/isexe set size:undefined disposed:false
385 silly placeDep ROOT ms@2.1.3 OK for: debug@4.4.3 want: ^2.1.3
386 silly placeDep ROOT graceful-fs@4.2.11 OK for: fs-extra@11.4.1 want: ^4.2.0
387 silly placeDep ROOT jsonfile@6.2.1 OK for: fs-extra@11.4.1 want: ^6.0.1
388 silly placeDep ROOT universalify@2.0.1 OK for: fs-extra@11.4.1 want: ^2.0.0
389 silly placeDep ROOT bplist-parser@0.3.2 OK for: native-run@2.0.3 want: ^0.3.2
390 silly placeDep ROOT elementtree@0.1.7 OK for: native-run@2.0.3 want: ^0.1.7
391 silly placeDep ROOT ini@4.1.3 OK for: native-run@2.0.3 want: ^4.1.1
392 silly placeDep ROOT split2@4.2.0 OK for: native-run@2.0.3 want: ^4.2.0
393 silly placeDep ROOT through2@4.0.2 OK for: native-run@2.0.3 want: ^4.0.2
394 silly placeDep ROOT yauzl@2.10.0 OK for: native-run@2.0.3 want: ^2.10.0
395 silly fetch manifest big-integer@1.6.x
396 silly packumentCache full:https://registry.npmjs.org/big-integer cache-miss
397 silly fetch manifest sax@1.1.4
398 silly packumentCache full:https://registry.npmjs.org/sax cache-miss
399 silly fetch manifest readable-stream@3
400 silly packumentCache full:https://registry.npmjs.org/readable-stream cache-miss
401 silly fetch manifest fd-slicer@~1.1.0
402 silly packumentCache full:https://registry.npmjs.org/fd-slicer cache-miss
403 silly fetch manifest buffer-crc32@~0.2.3
404 silly packumentCache full:https://registry.npmjs.org/buffer-crc32 cache-miss
405 http cache https://registry.npmjs.org/sax 77ms (cache hit)
406 silly packumentCache full:https://registry.npmjs.org/sax set size:92982 disposed:false
407 http fetch GET 200 https://registry.npmjs.org/fd-slicer 413ms (cache miss)
408 silly packumentCache full:https://registry.npmjs.org/fd-slicer set size:undefined disposed:false
409 http fetch GET 200 https://registry.npmjs.org/buffer-crc32 425ms (cache miss)
410 silly packumentCache full:https://registry.npmjs.org/buffer-crc32 set size:undefined disposed:false
411 http fetch GET 200 https://registry.npmjs.org/readable-stream 446ms (cache miss)
412 silly packumentCache full:https://registry.npmjs.org/readable-stream set size:undefined disposed:false
413 http fetch GET 200 https://registry.npmjs.org/big-integer 473ms (cache miss)
414 silly packumentCache full:https://registry.npmjs.org/big-integer set size:undefined disposed:false
415 silly placeDep ROOT big-integer@1.6.52 OK for: bplist-parser@0.3.2 want: 1.6.x
416 silly placeDep ROOT sax@1.1.4 OK for: elementtree@0.1.7 want: 1.1.4
417 silly placeDep ROOT define-lazy-prop@2.0.0 OK for: open@8.4.2 want: ^2.0.0
418 silly placeDep ROOT is-docker@2.2.1 OK for: open@8.4.2 want: ^2.1.1
419 silly placeDep ROOT is-wsl@2.2.0 OK for: open@8.4.2 want: ^2.2.0
420 silly placeDep ROOT @xmldom/xmldom@0.9.12 OK for: plist@3.1.1 want: ^0.9.10
421 silly placeDep ROOT base64-js@1.5.1 OK for: plist@3.1.1 want: ^1.5.1
422 silly placeDep ROOT xmlbuilder@15.1.1 OK for: plist@3.1.1 want: ^15.1.1
423 silly placeDep node_modules/prompts kleur@3.0.3 OK for: prompts@2.4.2 want: ^3.0.3
424 silly placeDep ROOT sisteransi@1.0.5 OK for: prompts@2.4.2 want: ^1.0.5
425 silly placeDep ROOT glob@13.0.6 OK for: rimraf@6.1.3 want: ^13.0.3
426 silly placeDep ROOT package-json-from-dist@1.0.1 OK for: rimraf@6.1.3 want: ^1.0.1
427 silly fetch manifest minimatch@^10.2.2
428 silly packumentCache full:https://registry.npmjs.org/minimatch cache-miss
429 silly fetch manifest minipass@^7.1.3
430 silly packumentCache full:https://registry.npmjs.org/minipass cache-miss
431 silly fetch manifest path-scurry@^2.0.2
432 silly packumentCache full:https://registry.npmjs.org/path-scurry cache-miss
433 http cache https://registry.npmjs.org/minipass 48ms (cache hit)
434 silly packumentCache full:https://registry.npmjs.org/minipass set size:276925 disposed:false
435 http fetch GET 200 https://registry.npmjs.org/path-scurry 321ms (cache miss)
436 silly packumentCache full:https://registry.npmjs.org/path-scurry set size:undefined disposed:false
437 http fetch GET 200 https://registry.npmjs.org/minimatch 395ms (cache miss)
438 silly packumentCache full:https://registry.npmjs.org/minimatch set size:undefined disposed:false
439 silly placeDep ROOT minimatch@10.2.6 OK for: glob@13.0.6 want: ^10.2.2
440 silly placeDep ROOT minipass@7.1.3 OK for: glob@13.0.6 want: ^7.1.3
441 silly placeDep ROOT path-scurry@2.0.2 OK for: glob@13.0.6 want: ^2.0.2
442 silly fetch manifest brace-expansion@^5.0.8
443 silly packumentCache full:https://registry.npmjs.org/brace-expansion cache-miss
444 silly fetch manifest lru-cache@^11.0.0
445 silly packumentCache full:https://registry.npmjs.org/lru-cache cache-miss
446 http fetch GET 200 https://registry.npmjs.org/brace-expansion 455ms (cache miss)
447 silly packumentCache full:https://registry.npmjs.org/brace-expansion set size:undefined disposed:false
448 http fetch GET 200 https://registry.npmjs.org/lru-cache 482ms (cache miss)
449 silly packumentCache full:https://registry.npmjs.org/lru-cache set size:undefined disposed:false
450 silly placeDep ROOT brace-expansion@5.0.12 OK for: minimatch@10.2.6 want: ^5.0.8
451 silly fetch manifest balanced-match@^4.0.2
452 silly packumentCache full:https://registry.npmjs.org/balanced-match cache-miss
453 http fetch GET 200 https://registry.npmjs.org/balanced-match 335ms (cache miss)
454 silly packumentCache full:https://registry.npmjs.org/balanced-match set size:undefined disposed:false
455 silly placeDep ROOT balanced-match@4.0.4 OK for: brace-expansion@5.0.12 want: ^4.0.2
456 silly placeDep ROOT lru-cache@11.5.3 OK for: path-scurry@2.0.2 want: ^11.0.0
457 silly placeDep ROOT shebang-regex@3.0.0 OK for: shebang-command@2.0.0 want: ^3.0.0
458 silly placeDep ROOT ansi-styles@4.3.0 OK for: slice-ansi@4.0.0 want: ^4.0.0
459 silly placeDep ROOT astral-regex@2.0.0 OK for: slice-ansi@4.0.0 want: ^2.0.0
460 silly placeDep ROOT is-fullwidth-code-point@3.0.0 OK for: slice-ansi@4.0.0 want: ^3.0.0
461 silly fetch manifest color-convert@^2.0.1
462 silly packumentCache full:https://registry.npmjs.org/color-convert cache-miss
463 http fetch GET 200 https://registry.npmjs.org/color-convert 366ms (cache miss)
464 silly packumentCache full:https://registry.npmjs.org/color-convert set size:undefined disposed:false
465 silly placeDep ROOT color-convert@2.0.1 OK for: ansi-styles@4.3.0 want: ^2.0.1
466 silly fetch manifest color-name@~1.1.4
467 silly packumentCache full:https://registry.npmjs.org/color-name cache-miss
468 http fetch GET 200 https://registry.npmjs.org/color-name 303ms (cache miss)
469 silly packumentCache full:https://registry.npmjs.org/color-name set size:undefined disposed:false
470 silly placeDep ROOT color-name@1.1.4 OK for: color-convert@2.0.1 want: ~1.1.4
471 silly placeDep ROOT emoji-regex@8.0.0 OK for: string-width@4.2.3 want: ^8.0.0
472 silly placeDep ROOT ansi-regex@5.0.1 OK for: strip-ansi@6.0.1 want: ^5.0.1
473 silly placeDep ROOT @isaacs/fs-minipass@4.0.1 OK for: tar@7.5.22 want: ^4.0.0
474 silly placeDep ROOT chownr@3.0.0 OK for: tar@7.5.22 want: ^3.0.0
475 silly placeDep ROOT minizlib@3.1.0 OK for: tar@7.5.22 want: ^3.1.0
476 silly placeDep ROOT yallist@5.0.0 OK for: tar@7.5.22 want: ^5.0.0
477 silly placeDep ROOT readable-stream@3.6.2 OK for: through2@4.0.2 want: 3
478 silly fetch manifest inherits@^2.0.3
479 silly packumentCache full:https://registry.npmjs.org/inherits cache-miss
480 silly fetch manifest string_decoder@^1.1.1
481 silly packumentCache full:https://registry.npmjs.org/string_decoder cache-miss
482 silly fetch manifest util-deprecate@^1.0.1
483 silly packumentCache full:https://registry.npmjs.org/util-deprecate cache-miss
484 http fetch GET 200 https://registry.npmjs.org/string_decoder 131ms (cache miss)
485 silly packumentCache full:https://registry.npmjs.org/string_decoder set size:undefined disposed:false
486 http fetch GET 200 https://registry.npmjs.org/inherits 345ms (cache miss)
487 silly packumentCache full:https://registry.npmjs.org/inherits set size:undefined disposed:false
488 http fetch GET 200 https://registry.npmjs.org/util-deprecate 350ms (cache miss)
489 silly packumentCache full:https://registry.npmjs.org/util-deprecate set size:undefined disposed:false
490 silly placeDep ROOT inherits@2.0.4 OK for: readable-stream@3.6.2 want: ^2.0.3
491 silly placeDep ROOT string_decoder@1.3.0 OK for: readable-stream@3.6.2 want: ^1.1.1
492 silly placeDep ROOT util-deprecate@1.0.2 OK for: readable-stream@3.6.2 want: ^1.0.1
493 silly fetch manifest safe-buffer@~5.2.0
494 silly packumentCache full:https://registry.npmjs.org/safe-buffer cache-miss
495 http fetch GET 200 https://registry.npmjs.org/safe-buffer 324ms (cache miss)
496 silly packumentCache full:https://registry.npmjs.org/safe-buffer set size:undefined disposed:false
497 silly placeDep ROOT safe-buffer@5.2.1 OK for: string_decoder@1.3.0 want: ~5.2.0
498 silly placeDep ROOT isexe@2.0.0 OK for: which@2.0.2 want: ^2.0.0
499 silly placeDep ROOT simple-plist@1.3.1 OK for: xcode@3.0.1 want: ^1.1.0
500 silly placeDep ROOT uuid@7.0.3 OK for: xcode@3.0.1 want: ^7.0.3
501 silly fetch manifest bplist-creator@0.1.0
502 silly packumentCache full:https://registry.npmjs.org/bplist-creator cache-miss
503 silly fetch manifest bplist-parser@0.3.1
504 silly packumentCache full:https://registry.npmjs.org/bplist-parser cache-miss
505 http cache https://registry.npmjs.org/bplist-parser 36ms (cache hit)
506 silly packumentCache full:https://registry.npmjs.org/bplist-parser set size:25466 disposed:false
507 http fetch GET 200 https://registry.npmjs.org/bplist-creator 479ms (cache miss)
508 silly packumentCache full:https://registry.npmjs.org/bplist-creator set size:undefined disposed:false
509 silly placeDep ROOT bplist-creator@0.1.0 OK for: simple-plist@1.3.1 want: 0.1.0
510 silly placeDep node_modules/simple-plist bplist-parser@0.3.1 OK for: simple-plist@1.3.1 want: 0.3.1
511 silly fetch manifest stream-buffers@2.2.x
512 silly packumentCache full:https://registry.npmjs.org/stream-buffers cache-miss
513 http fetch GET 200 https://registry.npmjs.org/stream-buffers 371ms (cache miss)
514 silly packumentCache full:https://registry.npmjs.org/stream-buffers set size:undefined disposed:false
515 silly placeDep ROOT stream-buffers@2.2.0 OK for: bplist-creator@0.1.0 want: 2.2.x
516 silly placeDep node_modules/xml2js xmlbuilder@11.0.1 OK for: xml2js@0.6.2 want: ~11.0.0
517 silly placeDep ROOT buffer-crc32@0.2.13 OK for: yauzl@2.10.0 want: ~0.2.3
518 silly placeDep ROOT fd-slicer@1.1.0 OK for: yauzl@2.10.0 want: ~1.1.0
519 silly fetch manifest pend@~1.2.0
520 silly packumentCache full:https://registry.npmjs.org/pend cache-miss
521 http fetch GET 200 https://registry.npmjs.org/pend 305ms (cache miss)
522 silly packumentCache full:https://registry.npmjs.org/pend set size:undefined disposed:false
523 silly placeDep ROOT pend@1.2.0 OK for: fd-slicer@1.1.0 want: ~1.2.0
524 silly placeDep ROOT at-least-node@1.0.0 OK for: fs-extra@9.1.0 want: ^1.0.0
525 silly reify moves {}
526 silly audit bulk request {
526 silly audit   '@capacitor/core': [ '8.5.2' ],
526 silly audit   tslib: [ '2.8.1' ],
526 silly audit   '@capacitor/cli': [ '8.5.2' ],
526 silly audit   '@ionic/cli-framework-output': [ '2.2.8' ],
526 silly audit   '@ionic/utils-subprocess': [ '3.0.1' ],
526 silly audit   '@ionic/utils-terminal': [ '2.3.5' ],
526 silly audit   commander: [ '12.1.0' ],
526 silly audit   debug: [ '4.4.3' ],
526 silly audit   'env-paths': [ '2.2.1' ],
526 silly audit   'fs-extra': [ '11.4.1', '9.1.0' ],
526 silly audit   kleur: [ '4.1.5', '3.0.3' ],
526 silly audit   'native-run': [ '2.0.3' ],
526 silly audit   open: [ '8.4.2' ],
526 silly audit   plist: [ '3.1.1' ],
526 silly audit   prompts: [ '2.4.2' ],
526 silly audit   rimraf: [ '6.1.3' ],
526 silly audit   semver: [ '7.8.5' ],
526 silly audit   tar: [ '7.5.22' ],
526 silly audit   xcode: [ '3.0.1' ],
526 silly audit   xml2js: [ '0.6.2' ],
526 silly audit   '@ionic/utils-array': [ '2.1.6' ],
526 silly audit   '@ionic/utils-fs': [ '3.1.7' ],
526 silly audit   '@ionic/utils-process': [ '2.1.12' ],
526 silly audit   '@ionic/utils-stream': [ '3.1.7' ],
526 silly audit   'cross-spawn': [ '7.0.6' ],
526 silly audit   '@types/fs-extra': [ '8.1.5' ],
526 silly audit   '@ionic/utils-object': [ '2.1.6' ],
526 silly audit   'signal-exit': [ '3.0.7' ],
526 silly audit   'tree-kill': [ '1.2.2' ],
526 silly audit   '@types/slice-ansi': [ '4.0.0' ],
526 silly audit   'slice-ansi': [ '4.0.0' ],
526 silly audit   'string-width': [ '4.2.3' ],
526 silly audit   'strip-ansi': [ '6.0.1' ],
526 silly audit   untildify: [ '4.0.0' ],
526 silly audit   'wrap-ansi': [ '7.0.0' ],
526 silly audit   '@types/node': [ '26.6.2' ],
526 silly audit   'undici-types': [ '8.9.0' ],
526 silly audit   'path-key': [ '3.1.1' ],
526 silly audit   'shebang-command': [ '2.0.0' ],
526 silly audit   which: [ '2.0.2' ],
526 silly audit   ms: [ '2.1.3' ],
526 silly audit   'graceful-fs': [ '4.2.11' ],
526 silly audit   jsonfile: [ '6.2.1' ],
526 silly audit   universalify: [ '2.0.1' ],
526 silly audit   'bplist-parser': [ '0.3.2', '0.3.1' ],
526 silly audit   elementtree: [ '0.1.7' ],
526 silly audit   ini: [ '4.1.3' ],
526 silly audit   split2: [ '4.2.0' ],
526 silly audit   through2: [ '4.0.2' ],
526 silly audit   yauzl: [ '2.10.0' ],
526 silly audit   'big-integer': [ '1.6.52' ],
526 silly audit   sax: [ '1.1.4' ],
526 silly audit   'define-lazy-prop': [ '2.0.0' ],
526 silly audit   'is-docker': [ '2.2.1' ],
526 silly audit   'is-wsl': [ '2.2.0' ],
526 silly audit   '@xmldom/xmldom': [ '0.9.12' ],
526 silly audit   'base64-js': [ '1.5.1' ],
526 silly audit   xmlbuilder: [ '15.1.1', '11.0.1' ],
526 silly audit   sisteransi: [ '1.0.5' ],
526 silly audit   glob: [ '13.0.6' ],
526 silly audit   'package-json-from-dist': [ '1.0.1' ],
526 silly audit   minimatch: [ '10.2.6' ],
526 silly audit   minipass: [ '7.1.3' ],
526 silly audit   'path-scurry': [ '2.0.2' ],
526 silly audit   'brace-expansion': [ '5.0.12' ],
526 silly audit   'balanced-match': [ '4.0.4' ],
526 silly audit   'lru-cache': [ '11.5.3' ],
526 silly audit   'shebang-regex': [ '3.0.0' ],
526 silly audit   'ansi-styles': [ '4.3.0' ],
526 silly audit   'astral-regex': [ '2.0.0' ],
526 silly audit   'is-fullwidth-code-point': [ '3.0.0' ],
526 silly audit   'color-convert': [ '2.0.1' ],
526 silly audit   'color-name': [ '1.1.4' ],
526 silly audit   'emoji-regex': [ '8.0.0' ],
526 silly audit   'ansi-regex': [ '5.0.1' ],
526 silly audit   '@isaacs/fs-minipass': [ '4.0.1' ],
526 silly audit   chownr: [ '3.0.0' ],
526 silly audit   minizlib: [ '3.1.0' ],
526 silly audit   yallist: [ '5.0.0' ],
526 silly audit   'readable-stream': [ '3.6.2' ],
526 silly audit   inherits: [ '2.0.4' ],
526 silly audit   string_decoder: [ '1.3.0' ],
526 silly audit   'util-deprecate': [ '1.0.2' ],
526 silly audit   'safe-buffer': [ '5.2.1' ],
526 silly audit   isexe: [ '2.0.0' ],
526 silly audit   'simple-plist': [ '1.3.1' ],
526 silly audit   uuid: [ '7.0.3' ],
526 silly audit   'bplist-creator': [ '0.1.0' ],
526 silly audit   'stream-buffers': [ '2.2.0' ],
526 silly audit   'buffer-crc32': [ '0.2.13' ],
526 silly audit   'fd-slicer': [ '1.1.0' ],
526 silly audit   pend: [ '1.2.0' ],
526 silly audit   'at-least-node': [ '1.0.0' ]
526 silly audit }
527 http cache at-least-node@https://registry.npmjs.org/at-least-node/-/at-least-node-1.0.0.tgz 1ms (cache hit)
528 http cache pend@https://registry.npmjs.org/pend/-/pend-1.2.0.tgz 0ms (cache hit)
529 http cache fd-slicer@https://registry.npmjs.org/fd-slicer/-/fd-slicer-1.1.0.tgz 0ms (cache hit)
530 http cache buffer-crc32@https://registry.npmjs.org/buffer-crc32/-/buffer-crc32-0.2.13.tgz 0ms (cache hit)
531 http cache stream-buffers@https://registry.npmjs.org/stream-buffers/-/stream-buffers-2.2.0.tgz 0ms (cache hit)
532 http cache bplist-creator@https://registry.npmjs.org/bplist-creator/-/bplist-creator-0.1.0.tgz 0ms (cache hit)
533 http cache simple-plist@https://registry.npmjs.org/simple-plist/-/simple-plist-1.3.1.tgz 0ms (cache hit)
534 http cache isexe@https://registry.npmjs.org/isexe/-/isexe-2.0.0.tgz 0ms (cache hit)
535 http cache util-deprecate@https://registry.npmjs.org/util-deprecate/-/util-deprecate-1.0.2.tgz 0ms (cache hit)
536 http cache safe-buffer@https://registry.npmjs.org/safe-buffer/-/safe-buffer-5.2.1.tgz 0ms (cache hit)
537 http cache inherits@https://registry.npmjs.org/inherits/-/inherits-2.0.4.tgz 0ms (cache hit)
538 http cache readable-stream@https://registry.npmjs.org/readable-stream/-/readable-stream-3.6.2.tgz 0ms (cache hit)
539 http cache yallist@https://registry.npmjs.org/yallist/-/yallist-5.0.0.tgz 0ms (cache hit)
540 http cache minizlib@https://registry.npmjs.org/minizlib/-/minizlib-3.1.0.tgz 0ms (cache hit)
541 http cache @isaacs/fs-minipass@https://registry.npmjs.org/@isaacs/fs-minipass/-/fs-minipass-4.0.1.tgz 0ms (cache hit)
542 http cache chownr@https://registry.npmjs.org/chownr/-/chownr-3.0.0.tgz 0ms (cache hit)
543 http cache emoji-regex@https://registry.npmjs.org/emoji-regex/-/emoji-regex-8.0.0.tgz 0ms (cache hit)
544 http cache color-name@https://registry.npmjs.org/color-name/-/color-name-1.1.4.tgz 0ms (cache hit)
545 http cache is-fullwidth-code-point@https://registry.npmjs.org/is-fullwidth-code-point/-/is-fullwidth-code-point-3.0.0.tgz 0ms (cache hit)
546 http cache astral-regex@https://registry.npmjs.org/astral-regex/-/astral-regex-2.0.0.tgz 0ms (cache hit)
547 http cache ansi-styles@https://registry.npmjs.org/ansi-styles/-/ansi-styles-4.3.0.tgz 0ms (cache hit)
548 http cache shebang-regex@https://registry.npmjs.org/shebang-regex/-/shebang-regex-3.0.0.tgz 0ms (cache hit)
549 http cache lru-cache@https://registry.npmjs.org/lru-cache/-/lru-cache-11.5.3.tgz 0ms (cache hit)
550 http cache balanced-match@https://registry.npmjs.org/balanced-match/-/balanced-match-4.0.4.tgz 0ms (cache hit)
551 http cache path-scurry@https://registry.npmjs.org/path-scurry/-/path-scurry-2.0.2.tgz 0ms (cache hit)
552 http cache brace-expansion@https://registry.npmjs.org/brace-expansion/-/brace-expansion-5.0.12.tgz 0ms (cache hit)
553 http cache string_decoder@https://registry.npmjs.org/string_decoder/-/string_decoder-1.3.0.tgz 0ms (cache hit)
554 http cache minipass@https://registry.npmjs.org/minipass/-/minipass-7.1.3.tgz 1ms (cache hit)
555 http cache minimatch@https://registry.npmjs.org/minimatch/-/minimatch-10.2.6.tgz 0ms (cache hit)
556 http cache color-convert@https://registry.npmjs.org/color-convert/-/color-convert-2.0.1.tgz 0ms (cache hit)
557 http cache package-json-from-dist@https://registry.npmjs.org/package-json-from-dist/-/package-json-from-dist-1.0.1.tgz 0ms (cache hit)
558 http cache glob@https://registry.npmjs.org/glob/-/glob-13.0.6.tgz 0ms (cache hit)
559 http cache xmlbuilder@https://registry.npmjs.org/xmlbuilder/-/xmlbuilder-15.1.1.tgz 0ms (cache hit)
560 http cache uuid@https://registry.npmjs.org/uuid/-/uuid-7.0.3.tgz 0ms (cache hit)
561 http cache sisteransi@https://registry.npmjs.org/sisteransi/-/sisteransi-1.0.5.tgz 0ms (cache hit)
562 http cache base64-js@https://registry.npmjs.org/base64-js/-/base64-js-1.5.1.tgz 0ms (cache hit)
563 http cache @xmldom/xmldom@https://registry.npmjs.org/@xmldom/xmldom/-/xmldom-0.9.12.tgz 0ms (cache hit)
564 http cache is-wsl@https://registry.npmjs.org/is-wsl/-/is-wsl-2.2.0.tgz 0ms (cache hit)
565 http cache is-docker@https://registry.npmjs.org/is-docker/-/is-docker-2.2.1.tgz 0ms (cache hit)
566 http cache define-lazy-prop@https://registry.npmjs.org/define-lazy-prop/-/define-lazy-prop-2.0.0.tgz 1ms (cache hit)
567 http cache big-integer@https://registry.npmjs.org/big-integer/-/big-integer-1.6.52.tgz 0ms (cache hit)
568 http cache yauzl@https://registry.npmjs.org/yauzl/-/yauzl-2.10.0.tgz 0ms (cache hit)
569 http cache split2@https://registry.npmjs.org/split2/-/split2-4.2.0.tgz 1ms (cache hit)
570 http cache ini@https://registry.npmjs.org/ini/-/ini-4.1.3.tgz 0ms (cache hit)
571 http cache elementtree@https://registry.npmjs.org/elementtree/-/elementtree-0.1.7.tgz 0ms (cache hit)
572 http cache bplist-parser@https://registry.npmjs.org/bplist-parser/-/bplist-parser-0.3.2.tgz 1ms (cache hit)
573 http cache universalify@https://registry.npmjs.org/universalify/-/universalify-2.0.1.tgz 0ms (cache hit)
574 http cache jsonfile@https://registry.npmjs.org/jsonfile/-/jsonfile-6.2.1.tgz 0ms (cache hit)
575 http cache graceful-fs@https://registry.npmjs.org/graceful-fs/-/graceful-fs-4.2.11.tgz 0ms (cache hit)
576 http cache ms@https://registry.npmjs.org/ms/-/ms-2.1.3.tgz 0ms (cache hit)
577 http cache which@https://registry.npmjs.org/which/-/which-2.0.2.tgz 0ms (cache hit)
578 http cache shebang-command@https://registry.npmjs.org/shebang-command/-/shebang-command-2.0.0.tgz 0ms (cache hit)
579 http cache path-key@https://registry.npmjs.org/path-key/-/path-key-3.1.1.tgz 1ms (cache hit)
580 http cache undici-types@https://registry.npmjs.org/undici-types/-/undici-types-8.9.0.tgz 0ms (cache hit)
581 http cache @types/node@https://registry.npmjs.org/@types/node/-/node-26.6.2.tgz 0ms (cache hit)
582 http cache untildify@https://registry.npmjs.org/untildify/-/untildify-4.0.0.tgz 0ms (cache hit)
583 http cache ansi-regex@https://registry.npmjs.org/ansi-regex/-/ansi-regex-5.0.1.tgz 0ms (cache hit)
584 http cache string-width@https://registry.npmjs.org/string-width/-/string-width-4.2.3.tgz 0ms (cache hit)
585 http cache wrap-ansi@https://registry.npmjs.org/wrap-ansi/-/wrap-ansi-7.0.0.tgz 0ms (cache hit)
586 http cache @types/slice-ansi@https://registry.npmjs.org/@types/slice-ansi/-/slice-ansi-4.0.0.tgz 1ms (cache hit)
587 http cache tree-kill@https://registry.npmjs.org/tree-kill/-/tree-kill-1.2.2.tgz 0ms (cache hit)
588 http cache strip-ansi@https://registry.npmjs.org/strip-ansi/-/strip-ansi-6.0.1.tgz 0ms (cache hit)
589 http cache slice-ansi@https://registry.npmjs.org/slice-ansi/-/slice-ansi-4.0.0.tgz 0ms (cache hit)
590 http cache @ionic/utils-object@https://registry.npmjs.org/@ionic/utils-object/-/utils-object-2.1.6.tgz 0ms (cache hit)
591 http cache signal-exit@https://registry.npmjs.org/signal-exit/-/signal-exit-3.0.7.tgz 0ms (cache hit)
592 http cache cross-spawn@https://registry.npmjs.org/cross-spawn/-/cross-spawn-7.0.6.tgz 0ms (cache hit)
593 http cache @ionic/utils-process@https://registry.npmjs.org/@ionic/utils-process/-/utils-process-2.1.12.tgz 0ms (cache hit)
594 http cache @types/fs-extra@https://registry.npmjs.org/@types/fs-extra/-/fs-extra-8.1.5.tgz 1ms (cache hit)
595 http cache @ionic/utils-stream@https://registry.npmjs.org/@ionic/utils-stream/-/utils-stream-3.1.7.tgz 0ms (cache hit)
596 http cache @ionic/utils-array@https://registry.npmjs.org/@ionic/utils-array/-/utils-array-2.1.6.tgz 0ms (cache hit)
597 http cache xml2js@https://registry.npmjs.org/xml2js/-/xml2js-0.6.2.tgz 0ms (cache hit)
598 http cache xcode@https://registry.npmjs.org/xcode/-/xcode-3.0.1.tgz 1ms (cache hit)
599 http cache tar@https://registry.npmjs.org/tar/-/tar-7.5.22.tgz 1ms (cache hit)
600 http cache semver@https://registry.npmjs.org/semver/-/semver-7.8.5.tgz 0ms (cache hit)
601 http cache through2@https://registry.npmjs.org/through2/-/through2-4.0.2.tgz 0ms (cache hit)
602 http cache rimraf@https://registry.npmjs.org/rimraf/-/rimraf-6.1.3.tgz 0ms (cache hit)
603 http cache plist@https://registry.npmjs.org/plist/-/plist-3.1.1.tgz 0ms (cache hit)
604 http cache open@https://registry.npmjs.org/open/-/open-8.4.2.tgz 0ms (cache hit)
605 http cache fs-extra@https://registry.npmjs.org/fs-extra/-/fs-extra-11.4.1.tgz 0ms (cache hit)
606 http cache native-run@https://registry.npmjs.org/native-run/-/native-run-2.0.3.tgz 1ms (cache hit)
607 http cache debug@https://registry.npmjs.org/debug/-/debug-4.4.3.tgz 0ms (cache hit)
608 http cache commander@https://registry.npmjs.org/commander/-/commander-12.1.0.tgz 0ms (cache hit)
609 http cache kleur@https://registry.npmjs.org/kleur/-/kleur-4.1.5.tgz 0ms (cache hit)
610 http cache @ionic/utils-terminal@https://registry.npmjs.org/@ionic/utils-terminal/-/utils-terminal-2.3.5.tgz 0ms (cache hit)
611 http cache @ionic/utils-fs@https://registry.npmjs.org/@ionic/utils-fs/-/utils-fs-3.1.7.tgz 0ms (cache hit)
612 http cache @ionic/utils-subprocess@https://registry.npmjs.org/@ionic/utils-subprocess/-/utils-subprocess-3.0.1.tgz 0ms (cache hit)
613 http cache @capacitor/cli@https://registry.npmjs.org/@capacitor/cli/-/cli-8.5.2.tgz 0ms (cache hit)
614 http cache xmlbuilder@https://registry.npmjs.org/xmlbuilder/-/xmlbuilder-11.0.1.tgz 0ms (cache hit)
615 http cache bplist-parser@https://registry.npmjs.org/bplist-parser/-/bplist-parser-0.3.1.tgz 0ms (cache hit)
616 http cache prompts@https://registry.npmjs.org/prompts/-/prompts-2.4.2.tgz 0ms (cache hit)
617 http cache fs-extra@https://registry.npmjs.org/fs-extra/-/fs-extra-9.1.0.tgz 0ms (cache hit)
618 http cache kleur@https://registry.npmjs.org/kleur/-/kleur-3.0.3.tgz 0ms (cache hit)
619 silly tarball no local data for at-least-node@https://registry.npmjs.org/at-least-node/-/at-least-node-1.0.0.tgz. Extracting by manifest.
620 silly tarball no local data for pend@https://registry.npmjs.org/pend/-/pend-1.2.0.tgz. Extracting by manifest.
621 silly tarball no local data for fd-slicer@https://registry.npmjs.org/fd-slicer/-/fd-slicer-1.1.0.tgz. Extracting by manifest.
622 silly tarball no local data for buffer-crc32@https://registry.npmjs.org/buffer-crc32/-/buffer-crc32-0.2.13.tgz. Extracting by manifest.
623 silly tarball no local data for stream-buffers@https://registry.npmjs.org/stream-buffers/-/stream-buffers-2.2.0.tgz. Extracting by manifest.
624 silly tarball no local data for bplist-creator@https://registry.npmjs.org/bplist-creator/-/bplist-creator-0.1.0.tgz. Extracting by manifest.
625 silly tarball no local data for simple-plist@https://registry.npmjs.org/simple-plist/-/simple-plist-1.3.1.tgz. Extracting by manifest.
626 silly tarball no local data for isexe@https://registry.npmjs.org/isexe/-/isexe-2.0.0.tgz. Extracting by manifest.
627 silly tarball no local data for util-deprecate@https://registry.npmjs.org/util-deprecate/-/util-deprecate-1.0.2.tgz. Extracting by manifest.
628 silly tarball no local data for safe-buffer@https://registry.npmjs.org/safe-buffer/-/safe-buffer-5.2.1.tgz. Extracting by manifest.
629 silly tarball no local data for inherits@https://registry.npmjs.org/inherits/-/inherits-2.0.4.tgz. Extracting by manifest.
630 silly tarball no local data for readable-stream@https://registry.npmjs.org/readable-stream/-/readable-stream-3.6.2.tgz. Extracting by manifest.
631 silly tarball no local data for yallist@https://registry.npmjs.org/yallist/-/yallist-5.0.0.tgz. Extracting by manifest.
632 silly tarball no local data for minizlib@https://registry.npmjs.org/minizlib/-/minizlib-3.1.0.tgz. Extracting by manifest.
633 http cache @ionic/cli-framework-output@https://registry.npmjs.org/@ionic/cli-framework-output/-/cli-framework-output-2.2.8.tgz 0ms (cache hit)
634 silly tarball no local data for @isaacs/fs-minipass@https://registry.npmjs.org/@isaacs/fs-minipass/-/fs-minipass-4.0.1.tgz. Extracting by manifest.
635 silly tarball no local data for chownr@https://registry.npmjs.org/chownr/-/chownr-3.0.0.tgz. Extracting by manifest.
636 silly tarball no local data for emoji-regex@https://registry.npmjs.org/emoji-regex/-/emoji-regex-8.0.0.tgz. Extracting by manifest.
637 silly tarball no local data for color-name@https://registry.npmjs.org/color-name/-/color-name-1.1.4.tgz. Extracting by manifest.
638 silly tarball no local data for is-fullwidth-code-point@https://registry.npmjs.org/is-fullwidth-code-point/-/is-fullwidth-code-point-3.0.0.tgz. Extracting by manifest.
639 http cache sax@https://registry.npmjs.org/sax/-/sax-1.1.4.tgz 0ms (cache hit)
640 silly tarball no local data for astral-regex@https://registry.npmjs.org/astral-regex/-/astral-regex-2.0.0.tgz. Extracting by manifest.
641 silly tarball no local data for ansi-styles@https://registry.npmjs.org/ansi-styles/-/ansi-styles-4.3.0.tgz. Extracting by manifest.
642 silly tarball no local data for lru-cache@https://registry.npmjs.org/lru-cache/-/lru-cache-11.5.3.tgz. Extracting by manifest.
643 silly tarball no local data for path-scurry@https://registry.npmjs.org/path-scurry/-/path-scurry-2.0.2.tgz. Extracting by manifest.
644 silly tarball no local data for balanced-match@https://registry.npmjs.org/balanced-match/-/balanced-match-4.0.4.tgz. Extracting by manifest.
645 silly tarball no local data for brace-expansion@https://registry.npmjs.org/brace-expansion/-/brace-expansion-5.0.12.tgz. Extracting by manifest.
646 silly tarball no local data for string_decoder@https://registry.npmjs.org/string_decoder/-/string_decoder-1.3.0.tgz. Extracting by manifest.
647 silly tarball no local data for minipass@https://registry.npmjs.org/minipass/-/minipass-7.1.3.tgz. Extracting by manifest.
648 silly tarball no local data for shebang-regex@https://registry.npmjs.org/shebang-regex/-/shebang-regex-3.0.0.tgz. Extracting by manifest.
649 silly tarball no local data for minimatch@https://registry.npmjs.org/minimatch/-/minimatch-10.2.6.tgz. Extracting by manifest.
650 silly tarball no local data for color-convert@https://registry.npmjs.org/color-convert/-/color-convert-2.0.1.tgz. Extracting by manifest.
651 silly tarball no local data for package-json-from-dist@https://registry.npmjs.org/package-json-from-dist/-/package-json-from-dist-1.0.1.tgz. Extracting by manifest.
652 silly tarball no local data for uuid@https://registry.npmjs.org/uuid/-/uuid-7.0.3.tgz. Extracting by manifest.
653 silly tarball no local data for xmlbuilder@https://registry.npmjs.org/xmlbuilder/-/xmlbuilder-15.1.1.tgz. Extracting by manifest.
654 silly tarball no local data for glob@https://registry.npmjs.org/glob/-/glob-13.0.6.tgz. Extracting by manifest.
655 silly tarball no local data for sisteransi@https://registry.npmjs.org/sisteransi/-/sisteransi-1.0.5.tgz. Extracting by manifest.
656 silly tarball no local data for base64-js@https://registry.npmjs.org/base64-js/-/base64-js-1.5.1.tgz. Extracting by manifest.
657 silly tarball no local data for @xmldom/xmldom@https://registry.npmjs.org/@xmldom/xmldom/-/xmldom-0.9.12.tgz. Extracting by manifest.
658 silly tarball no local data for is-wsl@https://registry.npmjs.org/is-wsl/-/is-wsl-2.2.0.tgz. Extracting by manifest.
659 silly tarball no local data for is-docker@https://registry.npmjs.org/is-docker/-/is-docker-2.2.1.tgz. Extracting by manifest.
660 silly tarball no local data for define-lazy-prop@https://registry.npmjs.org/define-lazy-prop/-/define-lazy-prop-2.0.0.tgz. Extracting by manifest.
661 silly tarball no local data for big-integer@https://registry.npmjs.org/big-integer/-/big-integer-1.6.52.tgz. Extracting by manifest.
662 silly tarball no local data for yauzl@https://registry.npmjs.org/yauzl/-/yauzl-2.10.0.tgz. Extracting by manifest.
663 silly tarball no local data for split2@https://registry.npmjs.org/split2/-/split2-4.2.0.tgz. Extracting by manifest.
664 silly tarball no local data for ini@https://registry.npmjs.org/ini/-/ini-4.1.3.tgz. Extracting by manifest.
665 silly tarball no local data for elementtree@https://registry.npmjs.org/elementtree/-/elementtree-0.1.7.tgz. Extracting by manifest.
666 silly tarball no local data for bplist-parser@https://registry.npmjs.org/bplist-parser/-/bplist-parser-0.3.2.tgz. Extracting by manifest.
667 silly tarball no local data for universalify@https://registry.npmjs.org/universalify/-/universalify-2.0.1.tgz. Extracting by manifest.
668 silly tarball no local data for jsonfile@https://registry.npmjs.org/jsonfile/-/jsonfile-6.2.1.tgz. Extracting by manifest.
669 silly tarball no local data for graceful-fs@https://registry.npmjs.org/graceful-fs/-/graceful-fs-4.2.11.tgz. Extracting by manifest.
670 silly tarball no local data for ms@https://registry.npmjs.org/ms/-/ms-2.1.3.tgz. Extracting by manifest.
671 silly tarball no local data for which@https://registry.npmjs.org/which/-/which-2.0.2.tgz. Extracting by manifest.
672 silly tarball no local data for shebang-command@https://registry.npmjs.org/shebang-command/-/shebang-command-2.0.0.tgz. Extracting by manifest.
673 silly tarball no local data for path-key@https://registry.npmjs.org/path-key/-/path-key-3.1.1.tgz. Extracting by manifest.
674 silly tarball no local data for undici-types@https://registry.npmjs.org/undici-types/-/undici-types-8.9.0.tgz. Extracting by manifest.
675 silly tarball no local data for @types/node@https://registry.npmjs.org/@types/node/-/node-26.6.2.tgz. Extracting by manifest.
676 silly tarball no local data for untildify@https://registry.npmjs.org/untildify/-/untildify-4.0.0.tgz. Extracting by manifest.
677 silly tarball no local data for ansi-regex@https://registry.npmjs.org/ansi-regex/-/ansi-regex-5.0.1.tgz. Extracting by manifest.
678 silly tarball no local data for wrap-ansi@https://registry.npmjs.org/wrap-ansi/-/wrap-ansi-7.0.0.tgz. Extracting by manifest.
679 silly tarball no local data for string-width@https://registry.npmjs.org/string-width/-/string-width-4.2.3.tgz. Extracting by manifest.
680 silly tarball no local data for @types/slice-ansi@https://registry.npmjs.org/@types/slice-ansi/-/slice-ansi-4.0.0.tgz. Extracting by manifest.
681 silly tarball no local data for tree-kill@https://registry.npmjs.org/tree-kill/-/tree-kill-1.2.2.tgz. Extracting by manifest.
682 silly tarball no local data for strip-ansi@https://registry.npmjs.org/strip-ansi/-/strip-ansi-6.0.1.tgz. Extracting by manifest.
683 silly tarball no local data for @ionic/utils-object@https://registry.npmjs.org/@ionic/utils-object/-/utils-object-2.1.6.tgz. Extracting by manifest.
684 silly tarball no local data for signal-exit@https://registry.npmjs.org/signal-exit/-/signal-exit-3.0.7.tgz. Extracting by manifest.
685 silly tarball no local data for slice-ansi@https://registry.npmjs.org/slice-ansi/-/slice-ansi-4.0.0.tgz. Extracting by manifest.
686 silly tarball no local data for cross-spawn@https://registry.npmjs.org/cross-spawn/-/cross-spawn-7.0.6.tgz. Extracting by manifest.
687 silly tarball no local data for @ionic/utils-process@https://registry.npmjs.org/@ionic/utils-process/-/utils-process-2.1.12.tgz. Extracting by manifest.
688 silly tarball no local data for @types/fs-extra@https://registry.npmjs.org/@types/fs-extra/-/fs-extra-8.1.5.tgz. Extracting by manifest.
689 silly tarball no local data for @ionic/utils-stream@https://registry.npmjs.org/@ionic/utils-stream/-/utils-stream-3.1.7.tgz. Extracting by manifest.
690 silly tarball no local data for @ionic/utils-array@https://registry.npmjs.org/@ionic/utils-array/-/utils-array-2.1.6.tgz. Extracting by manifest.
691 silly tarball no local data for xml2js@https://registry.npmjs.org/xml2js/-/xml2js-0.6.2.tgz. Extracting by manifest.
692 silly tarball no local data for xcode@https://registry.npmjs.org/xcode/-/xcode-3.0.1.tgz. Extracting by manifest.
693 silly tarball no local data for tar@https://registry.npmjs.org/tar/-/tar-7.5.22.tgz. Extracting by manifest.
694 silly tarball no local data for through2@https://registry.npmjs.org/through2/-/through2-4.0.2.tgz. Extracting by manifest.
695 silly tarball no local data for rimraf@https://registry.npmjs.org/rimraf/-/rimraf-6.1.3.tgz. Extracting by manifest.
696 silly tarball no local data for plist@https://registry.npmjs.org/plist/-/plist-3.1.1.tgz. Extracting by manifest.
697 silly tarball no local data for open@https://registry.npmjs.org/open/-/open-8.4.2.tgz. Extracting by manifest.
698 silly tarball no local data for fs-extra@https://registry.npmjs.org/fs-extra/-/fs-extra-11.4.1.tgz. Extracting by manifest.
699 silly tarball no local data for native-run@https://registry.npmjs.org/native-run/-/native-run-2.0.3.tgz. Extracting by manifest.
700 silly tarball no local data for debug@https://registry.npmjs.org/debug/-/debug-4.4.3.tgz. Extracting by manifest.
701 silly tarball no local data for commander@https://registry.npmjs.org/commander/-/commander-12.1.0.tgz. Extracting by manifest.
702 silly tarball no local data for kleur@https://registry.npmjs.org/kleur/-/kleur-4.1.5.tgz. Extracting by manifest.
703 silly tarball no local data for @ionic/utils-terminal@https://registry.npmjs.org/@ionic/utils-terminal/-/utils-terminal-2.3.5.tgz. Extracting by manifest.
704 silly tarball no local data for @ionic/utils-fs@https://registry.npmjs.org/@ionic/utils-fs/-/utils-fs-3.1.7.tgz. Extracting by manifest.
705 silly tarball no local data for @ionic/utils-subprocess@https://registry.npmjs.org/@ionic/utils-subprocess/-/utils-subprocess-3.0.1.tgz. Extracting by manifest.
706 silly tarball no local data for @capacitor/cli@https://registry.npmjs.org/@capacitor/cli/-/cli-8.5.2.tgz. Extracting by manifest.
707 silly tarball no local data for xmlbuilder@https://registry.npmjs.org/xmlbuilder/-/xmlbuilder-11.0.1.tgz. Extracting by manifest.
708 silly tarball no local data for bplist-parser@https://registry.npmjs.org/bplist-parser/-/bplist-parser-0.3.1.tgz. Extracting by manifest.
709 silly tarball no local data for prompts@https://registry.npmjs.org/prompts/-/prompts-2.4.2.tgz. Extracting by manifest.
710 silly tarball no local data for fs-extra@https://registry.npmjs.org/fs-extra/-/fs-extra-9.1.0.tgz. Extracting by manifest.
711 silly tarball no local data for kleur@https://registry.npmjs.org/kleur/-/kleur-3.0.3.tgz. Extracting by manifest.
712 silly tarball no local data for @ionic/cli-framework-output@https://registry.npmjs.org/@ionic/cli-framework-output/-/cli-framework-output-2.2.8.tgz. Extracting by manifest.
713 silly tarball no local data for sax@https://registry.npmjs.org/sax/-/sax-1.1.4.tgz. Extracting by manifest.
714 http cache env-paths@https://registry.npmjs.org/env-paths/-/env-paths-2.2.1.tgz 0ms (cache hit)
715 silly tarball no local data for env-paths@https://registry.npmjs.org/env-paths/-/env-paths-2.2.1.tgz. Extracting by manifest.
716 http fetch POST 200 https://registry.npmjs.org/-/npm/v1/security/advisories/bulk 1454ms
717 silly audit report {
717 silly audit report   uuid: [
717 silly audit report     {
717 silly audit report       id: 1119441,
717 silly audit report       url: 'https://github.com/advisories/GHSA-w5hq-g745-h8pq',
717 silly audit report       title: 'uuid: Missing buffer bounds check in v3/v5/v6 when buf is provided',
717 silly audit report       severity: 'moderate',
717 silly audit report       vulnerable_versions: '<11.1.1',
717 silly audit report       cwe: [Array],
717 silly audit report       cvss: [Object]
717 silly audit report     }
717 silly audit report   ]
717 silly audit report }
718 silly packumentCache corgi:https://registry.npmjs.org/uuid cache-miss
719 http fetch GET 200 https://registry.npmjs.org/fd-slicer/-/fd-slicer-1.1.0.tgz 3814ms (cache miss)
720 http fetch GET 200 https://registry.npmjs.org/chownr/-/chownr-3.0.0.tgz 3920ms (cache miss)
721 http fetch GET 200 https://registry.npmjs.org/pend/-/pend-1.2.0.tgz 3966ms (cache miss)
722 http fetch GET 200 https://registry.npmjs.org/buffer-crc32/-/buffer-crc32-0.2.13.tgz 3965ms (cache miss)
723 http fetch GET 200 https://registry.npmjs.org/at-least-node/-/at-least-node-1.0.0.tgz 3976ms (cache miss)
724 http fetch GET 200 https://registry.npmjs.org/emoji-regex/-/emoji-regex-8.0.0.tgz 3999ms (cache miss)
725 http fetch GET 200 https://registry.npmjs.org/color-name/-/color-name-1.1.4.tgz 4140ms (cache miss)
726 http fetch GET 200 https://registry.npmjs.org/astral-regex/-/astral-regex-2.0.0.tgz 4388ms (cache miss)
727 http fetch GET 200 https://registry.npmjs.org/bplist-creator/-/bplist-creator-0.1.0.tgz 4445ms (cache miss)
728 http fetch GET 200 https://registry.npmjs.org/is-fullwidth-code-point/-/is-fullwidth-code-point-3.0.0.tgz 4585ms (cache miss)
729 http fetch GET https://registry.npmjs.org/minizlib/-/minizlib-3.1.0.tgz attempt 1 failed with ETIMEDOUT
730 http fetch GET 200 https://registry.npmjs.org/ansi-styles/-/ansi-styles-4.3.0.tgz 4654ms (cache miss)
731 http fetch GET 200 https://registry.npmjs.org/base64-js/-/base64-js-1.5.1.tgz 4613ms (cache miss)
732 http fetch GET 200 https://registry.npmjs.org/balanced-match/-/balanced-match-4.0.4.tgz 4695ms (cache miss)
733 http fetch GET 200 https://registry.npmjs.org/shebang-regex/-/shebang-regex-3.0.0.tgz 4684ms (cache miss)
734 http fetch GET 200 https://registry.npmjs.org/string_decoder/-/string_decoder-1.3.0.tgz 4694ms (cache miss)
735 http fetch GET 200 https://registry.npmjs.org/package-json-from-dist/-/package-json-from-dist-1.0.1.tgz 4681ms (cache miss)
736 http fetch GET 200 https://registry.npmjs.org/color-convert/-/color-convert-2.0.1.tgz 4730ms (cache miss)
737 http fetch GET 200 https://registry.npmjs.org/define-lazy-prop/-/define-lazy-prop-2.0.0.tgz 4703ms (cache miss)
738 http fetch GET 200 https://registry.npmjs.org/is-wsl/-/is-wsl-2.2.0.tgz 4710ms (cache miss)
739 http fetch GET 200 https://registry.npmjs.org/is-docker/-/is-docker-2.2.1.tgz 4713ms (cache miss)
740 http fetch GET 200 https://registry.npmjs.org/sisteransi/-/sisteransi-1.0.5.tgz 4801ms (cache miss)
741 http fetch GET 200 https://registry.npmjs.org/util-deprecate/-/util-deprecate-1.0.2.tgz 4905ms (cache miss)
742 http fetch GET 200 https://registry.npmjs.org/jsonfile/-/jsonfile-6.2.1.tgz 4787ms (cache miss)
743 http fetch GET 200 https://registry.npmjs.org/graceful-fs/-/graceful-fs-4.2.11.tgz 4785ms (cache miss)
744 http fetch GET 200 https://registry.npmjs.org/untildify/-/untildify-4.0.0.tgz 4765ms (cache miss)
745 http fetch GET 200 https://registry.npmjs.org/bplist-parser/-/bplist-parser-0.3.2.tgz 4804ms (cache miss)
746 http fetch GET 200 https://registry.npmjs.org/@isaacs/fs-minipass/-/fs-minipass-4.0.1.tgz 4912ms (cache miss)
747 http fetch GET 200 https://registry.npmjs.org/universalify/-/universalify-2.0.1.tgz 4824ms (cache miss)
748 http fetch GET 200 https://registry.npmjs.org/strip-ansi/-/strip-ansi-6.0.1.tgz 4767ms (cache miss)
749 http fetch GET 200 https://registry.npmjs.org/which/-/which-2.0.2.tgz 4835ms (cache miss)
750 http fetch GET 200 https://registry.npmjs.org/ms/-/ms-2.1.3.tgz 4855ms (cache miss)
751 http fetch GET 200 https://registry.npmjs.org/yauzl/-/yauzl-2.10.0.tgz 4880ms (cache miss)
752 http fetch GET 200 https://registry.npmjs.org/ansi-regex/-/ansi-regex-5.0.1.tgz 4838ms (cache miss)
753 http fetch GET 200 https://registry.npmjs.org/ini/-/ini-4.1.3.tgz 4901ms (cache miss)
754 http fetch GET 200 https://registry.npmjs.org/shebang-command/-/shebang-command-2.0.0.tgz 4884ms (cache miss)
755 http fetch GET 200 https://registry.npmjs.org/inherits/-/inherits-2.0.4.tgz 5015ms (cache miss)
756 http fetch GET 200 https://registry.npmjs.org/string-width/-/string-width-4.2.3.tgz 4844ms (cache miss)
757 http fetch GET 200 https://registry.npmjs.org/tree-kill/-/tree-kill-1.2.2.tgz 4841ms (cache miss)
758 http fetch GET 200 https://registry.npmjs.org/split2/-/split2-4.2.0.tgz 4925ms (cache miss)
759 http fetch GET 200 https://registry.npmjs.org/signal-exit/-/signal-exit-3.0.7.tgz 4843ms (cache miss)
760 http fetch GET 200 https://registry.npmjs.org/big-integer/-/big-integer-1.6.52.tgz 4954ms (cache miss)
761 http fetch GET 200 https://registry.npmjs.org/path-key/-/path-key-3.1.1.tgz 4938ms (cache miss)
762 http fetch GET 200 https://registry.npmjs.org/slice-ansi/-/slice-ansi-4.0.0.tgz 4900ms (cache miss)
763 http fetch GET 200 https://registry.npmjs.org/@types/slice-ansi/-/slice-ansi-4.0.0.tgz 4924ms (cache miss)
764 http fetch GET 200 https://registry.npmjs.org/brace-expansion/-/brace-expansion-5.0.12.tgz 5059ms (cache miss)
765 http fetch GET 200 https://registry.npmjs.org/isexe/-/isexe-2.0.0.tgz 5113ms (cache miss)
766 http fetch GET 200 https://registry.npmjs.org/@ionic/utils-object/-/utils-object-2.1.6.tgz 4934ms (cache miss)
767 http fetch GET 200 https://registry.npmjs.org/@ionic/utils-process/-/utils-process-2.1.12.tgz 4928ms (cache miss)
768 http fetch GET 200 https://registry.npmjs.org/wrap-ansi/-/wrap-ansi-7.0.0.tgz 4971ms (cache miss)
769 http fetch GET 200 https://registry.npmjs.org/open/-/open-8.4.2.tgz 4931ms (cache miss)
770 http fetch GET 200 https://registry.npmjs.org/kleur/-/kleur-4.1.5.tgz 4926ms (cache miss)
771 http fetch GET 200 https://registry.npmjs.org/debug/-/debug-4.4.3.tgz 4934ms (cache miss)
772 http fetch GET 200 https://registry.npmjs.org/@types/fs-extra/-/fs-extra-8.1.5.tgz 4984ms (cache miss)
773 http fetch GET 200 https://registry.npmjs.org/@ionic/utils-stream/-/utils-stream-3.1.7.tgz 4983ms (cache miss)
774 http fetch GET 200 https://registry.npmjs.org/through2/-/through2-4.0.2.tgz 4971ms (cache miss)
775 http fetch GET 200 https://registry.npmjs.org/cross-spawn/-/cross-spawn-7.0.6.tgz 5010ms (cache miss)
776 http fetch GET 200 https://registry.npmjs.org/@ionic/utils-array/-/utils-array-2.1.6.tgz 5010ms (cache miss)
777 http fetch GET 200 https://registry.npmjs.org/kleur/-/kleur-3.0.3.tgz 4950ms (cache miss)
778 http fetch GET 200 https://registry.npmjs.org/stream-buffers/-/stream-buffers-2.2.0.tgz 5255ms (cache miss)
779 http fetch GET 200 https://registry.npmjs.org/simple-plist/-/simple-plist-1.3.1.tgz 5287ms (cache miss)
780 http fetch GET 200 https://registry.npmjs.org/safe-buffer/-/safe-buffer-5.2.1.tgz 5302ms (cache miss)
781 http fetch GET 200 https://registry.npmjs.org/yallist/-/yallist-5.0.0.tgz 5358ms (cache miss)
782 http fetch GET 200 https://registry.npmjs.org/@ionic/utils-terminal/-/utils-terminal-2.3.5.tgz 5143ms (cache miss)
783 http fetch GET 200 https://registry.npmjs.org/commander/-/commander-12.1.0.tgz 5229ms (cache miss)
784 http fetch GET 200 https://registry.npmjs.org/elementtree/-/elementtree-0.1.7.tgz 5770ms (cache miss)
785 http fetch GET 200 https://registry.npmjs.org/minipass/-/minipass-7.1.3.tgz 5836ms (cache miss)
786 http fetch GET 200 https://registry.npmjs.org/@xmldom/xmldom/-/xmldom-0.9.12.tgz 5810ms (cache miss)
787 http fetch GET 200 https://registry.npmjs.org/path-scurry/-/path-scurry-2.0.2.tgz 6059ms (cache miss)
788 http fetch GET 200 https://registry.npmjs.org/xcode/-/xcode-3.0.1.tgz 5923ms (cache miss)
789 http fetch GET 200 https://registry.npmjs.org/@ionic/utils-subprocess/-/utils-subprocess-3.0.1.tgz 6281ms (cache miss)
790 http fetch GET 200 https://registry.npmjs.org/readable-stream/-/readable-stream-3.6.2.tgz 6693ms (cache miss)
791 http fetch GET 200 https://registry.npmjs.org/uuid/-/uuid-7.0.3.tgz 6648ms (cache miss)
792 warn deprecated uuid@7.0.3: uuid@10 and below is no longer supported.  For ESM codebases, update to uuid@latest.  For CommonJS codebases, use uuid@11 (but be aware this version will likely be deprecated in 2028).
793 http fetch GET 200 https://registry.npmjs.org/fs-extra/-/fs-extra-11.4.1.tgz 6830ms (cache miss)
794 http fetch GET 200 https://registry.npmjs.org/undici-types/-/undici-types-8.9.0.tgz 7014ms (cache miss)
795 http fetch GET 200 https://registry.npmjs.org/bplist-parser/-/bplist-parser-0.3.1.tgz 6935ms (cache miss)
796 http fetch GET 200 https://registry.npmjs.org/sax/-/sax-1.1.4.tgz 7000ms (cache miss)
797 http fetch GET 200 https://registry.npmjs.org/xmlbuilder/-/xmlbuilder-15.1.1.tgz 7725ms (cache miss)
798 http fetch GET 200 https://registry.npmjs.org/env-paths/-/env-paths-2.2.1.tgz 7140ms (cache miss)
799 http fetch GET 200 https://registry.npmjs.org/minimatch/-/minimatch-10.2.6.tgz 7848ms (cache miss)
800 http fetch GET 200 https://registry.npmjs.org/@ionic/cli-framework-output/-/cli-framework-output-2.2.8.tgz 7503ms (cache miss)
801 http fetch GET 200 https://registry.npmjs.org/uuid 6886ms (cache miss)
802 silly packumentCache corgi:https://registry.npmjs.org/uuid set size:undefined disposed:false
803 http fetch GET 200 https://registry.npmjs.org/@ionic/utils-fs/-/utils-fs-3.1.7.tgz 7815ms (cache miss)
804 silly packumentCache corgi:https://registry.npmjs.org/xcode cache-miss
805 http fetch GET 200 https://registry.npmjs.org/plist/-/plist-3.1.1.tgz 8199ms (cache miss)
806 http fetch GET 200 https://registry.npmjs.org/prompts/-/prompts-2.4.2.tgz 8314ms (cache miss)
807 http fetch GET 200 https://registry.npmjs.org/xmlbuilder/-/xmlbuilder-11.0.1.tgz 8468ms (cache miss)
808 http fetch GET 200 https://registry.npmjs.org/fs-extra/-/fs-extra-9.1.0.tgz 8523ms (cache miss)
809 http fetch GET 200 https://registry.npmjs.org/glob/-/glob-13.0.6.tgz 9340ms (cache miss)
810 http fetch GET 200 https://registry.npmjs.org/rimraf/-/rimraf-6.1.3.tgz 9240ms (cache miss)
811 http fetch GET 200 https://registry.npmjs.org/@capacitor/cli/-/cli-8.5.2.tgz 9837ms (cache miss)
812 http fetch GET 200 https://registry.npmjs.org/xml2js/-/xml2js-0.6.2.tgz 9898ms (cache miss)
813 http fetch GET 200 https://registry.npmjs.org/xcode 2071ms (cache miss)
814 silly packumentCache corgi:https://registry.npmjs.org/xcode set size:undefined disposed:false
815 http fetch GET 200 https://registry.npmjs.org/native-run/-/native-run-2.0.3.tgz 11016ms (cache miss)
816 http fetch GET 200 https://registry.npmjs.org/@types/node/-/node-26.6.2.tgz 11142ms (cache miss)
817 silly packumentCache corgi:https://registry.npmjs.org/@capacitor%2fcli cache-miss
818 http fetch GET 200 https://registry.npmjs.org/lru-cache/-/lru-cache-11.5.3.tgz 11342ms (cache miss)
819 http fetch GET 200 https://registry.npmjs.org/@capacitor%2fcli 1100ms (cache miss)
820 silly packumentCache corgi:https://registry.npmjs.org/@capacitor%2fcli set size:undefined disposed:false
821 http fetch GET 200 https://registry.npmjs.org/tar/-/tar-7.5.22.tgz 13817ms (cache miss)
822 http fetch GET 200 https://registry.npmjs.org/minizlib/-/minizlib-3.1.0.tgz 15037ms attempt #2 (cache miss)
823 silly ADD node_modules/at-least-node
824 silly ADD node_modules/pend
825 silly ADD node_modules/fd-slicer
826 silly ADD node_modules/buffer-crc32
827 silly ADD node_modules/stream-buffers
828 silly ADD node_modules/bplist-creator
829 silly ADD node_modules/uuid
830 silly ADD node_modules/simple-plist
831 silly ADD node_modules/simple-plist/node_modules/bplist-parser
832 silly ADD node_modules/isexe
833 silly ADD node_modules/safe-buffer
834 silly ADD node_modules/util-deprecate
835 silly ADD node_modules/string_decoder
836 silly ADD node_modules/inherits
837 silly ADD node_modules/readable-stream
838 silly ADD node_modules/yallist
839 silly ADD node_modules/minizlib
840 silly ADD node_modules/chownr
841 silly ADD node_modules/@isaacs/fs-minipass
842 silly ADD node_modules/ansi-regex
843 silly ADD node_modules/emoji-regex
844 silly ADD node_modules/color-name
845 silly ADD node_modules/color-convert
846 silly ADD node_modules/is-fullwidth-code-point
847 silly ADD node_modules/astral-regex
848 silly ADD node_modules/ansi-styles
849 silly ADD node_modules/shebang-regex
850 silly ADD node_modules/lru-cache
851 silly ADD node_modules/balanced-match
852 silly ADD node_modules/brace-expansion
853 silly ADD node_modules/path-scurry
854 silly ADD node_modules/minipass
855 silly ADD node_modules/minimatch
856 silly ADD node_modules/package-json-from-dist
857 silly ADD node_modules/glob
858 silly ADD node_modules/sisteransi
859 silly ADD node_modules/xmlbuilder
860 silly ADD node_modules/base64-js
861 silly ADD node_modules/@xmldom/xmldom
862 silly ADD node_modules/is-wsl
863 silly ADD node_modules/is-docker
864 silly ADD node_modules/define-lazy-prop
865 silly ADD node_modules/sax
866 silly ADD node_modules/big-integer
867 silly ADD node_modules/yauzl
868 silly ADD node_modules/through2
869 silly ADD node_modules/split2
870 silly ADD node_modules/ini
871 silly ADD node_modules/elementtree
872 silly ADD node_modules/bplist-parser
873 silly ADD node_modules/universalify
874 silly ADD node_modules/jsonfile
875 silly ADD node_modules/graceful-fs
876 silly ADD node_modules/ms
877 silly ADD node_modules/which
878 silly ADD node_modules/shebang-command
879 silly ADD node_modules/path-key
880 silly ADD node_modules/undici-types
881 silly ADD node_modules/@types/node
882 silly ADD node_modules/wrap-ansi
883 silly ADD node_modules/untildify
884 silly ADD node_modules/strip-ansi
885 silly ADD node_modules/string-width
886 silly ADD node_modules/slice-ansi
887 silly ADD node_modules/@types/slice-ansi
888 silly ADD node_modules/tree-kill
889 silly ADD node_modules/signal-exit
890 silly ADD node_modules/@ionic/utils-object
891 silly ADD node_modules/@types/fs-extra
892 silly ADD node_modules/cross-spawn
893 silly ADD node_modules/@ionic/utils-stream
894 silly ADD node_modules/@ionic/utils-process
895 silly ADD node_modules/@ionic/utils-fs
896 silly ADD node_modules/@ionic/utils-fs/node_modules/fs-extra
897 silly ADD node_modules/@ionic/utils-array
898 silly ADD node_modules/xml2js
899 silly ADD node_modules/xml2js/node_modules/xmlbuilder
900 silly ADD node_modules/xcode
901 silly ADD node_modules/tar
902 silly ADD node_modules/semver
903 silly ADD node_modules/rimraf
904 silly ADD node_modules/prompts
905 silly ADD node_modules/prompts/node_modules/kleur
906 silly ADD node_modules/plist
907 silly ADD node_modules/open
908 silly ADD node_modules/native-run
909 silly ADD node_modules/kleur
910 silly ADD node_modules/fs-extra
911 silly ADD node_modules/env-paths
912 silly ADD node_modules/debug
913 silly ADD node_modules/commander
914 silly ADD node_modules/@ionic/utils-terminal
915 silly ADD node_modules/@ionic/utils-subprocess
916 silly ADD node_modules/@ionic/cli-framework-output
917 silly ADD node_modules/@capacitor/cli
918 verbose cwd /public
919 verbose os Linux 4.19.191-g08001bbaf9a5-dirty
920 verbose node v22.23.2
921 verbose npm  v10.9.1
922 verbose exit 0
923 info ok
